timestamp=2026-08-15T21:41:33+05:30
hostname=rsgpu030
job_id=602542 array_task=0
0, NVIDIA A100 80GB PCIe, 81920 MiB, 550.54.14
output:      /scratch/mm24r002/paper_rerun_20260815/results/full
config hash: 7e267c0bf303542b
run days:    [1, 2, 3, 4, 6, 7, 10]
seeds:       (42, 43, 44)
{
  "created_utc": "2026-08-15T16:12:30Z",
  "config": {
    "output_root": "/scratch/mm24r002/paper_rerun_20260815/results/full",
    "data_root": "/scratch/mm24r002/paper_rerun_20260815/data",
    "model_architecture": "torchvision_resnet50_standard_stem_cifar10_head",
    "model_num_classes": 10,
    "model_parameter_count": 23528522,
    "seeds": [
      42,
      43,
      44
    ],
    "split_seed": 20260815,
    "train_size": 45000,
    "validation_size": 5000,
    "test_size": 10000,
    "batch_size": 128,
    "loader_workers": 2,
    "learning_rate": 0.1,
    "momentum": 0.9,
    "weight_decay": 0.0005,
    "nesterov": true,
    "lr_milestones": [
      100,
      150
    ],
    "lr_gamma": 0.1,
    "temperature": 0.1,
    "use_bfloat16_amp": true,
    "deterministic": true,
    "n_workers": 8,
    "day1_epochs": 200,
    "day3_epochs": 50,
    "day4_epochs": 5,
    "day4_benchmark_warmup": 2,
    "day4_benchmark_runs": 5,
    "day5_epochs": 200,
    "day6_epochs": 20,
    "day7_epochs": 5,
    "day10_epochs": 30,
    "gaussian_covariance": 30.0,
    "mean_shift_scale": 1.0,
    "majority_scale": 5.0,
    "save_checkpoints": true,
    "checkpoint_interval": 5
  },
  "config_hash": "7e267c0bf303542b",
  "run_days": [
    1,
    2,
    3,
    4,
    6,
    7,
    10
  ],
  "smoke_test": false,
  "python": "3.10.13",
  "platform": "Linux-4.18.0-513.5.1.el8_9.x86_64-x86_64-with-glibc2.28",
  "torch": "2.2.1",
  "torchvision": "0.17.1",
  "cuda_runtime": "11.8",
  "cudnn": 8700,
  "numpy": "1.26.4",
  "gpus": [
    {
      "index": 0,
      "name": "NVIDIA A100 80GB PCIe",
      "total_memory_bytes": 84974239744,
      "compute_capability": "8.0"
    }
  ],
  "scope_note": "Algorithm-level DGX simulation; no real blockchain/network/VRF proof execution."
}
Files already downloaded and verified
Files already downloaded and verified
[bundle_00_of_08] starting 1/16: {"aggregation":"softmax","attack":"clean","cost":4.0,"day":2,"detector":"none","epochs":200,"kind":"federated","label":"n2_softmax","n_malicious":0,"n_workers":2,"seed":42}
[bundle_00_of_08] starting 2/16: {"aggregation":"softmax","attack":"clean","cost":4.0,"day":2,"detector":"none","epochs":200,"kind":"federated","label":"n8_softmax","n_malicious":0,"n_workers":8,"seed":44}
[bundle_00_of_08] starting 3/16: {"aggregation":"topk","attack":"clean","cost":4.0,"day":2,"detector":"none","epochs":200,"kind":"federated","label":"n8_topk","n_malicious":0,"n_workers":8,"seed":43}
[day2_n8_topk_seed43] resuming at epoch 101
[day2_n8_topk_seed43] 105/200 test=0.7790 TPR=0.000 FPR=0.000 accepted=[0, 1, 2, 3, 4, 5, 6, 7]
[day2_n8_topk_seed43] 110/200 test=0.7808 TPR=0.000 FPR=0.000 accepted=[0, 1, 2, 3, 4, 5, 6, 7]
[day2_n8_topk_seed43] 115/200 test=0.7846 TPR=0.000 FPR=0.000 accepted=[0, 1, 2, 3, 4, 5, 6, 7]
[day2_n8_topk_seed43] 120/200 test=0.7904 TPR=0.000 FPR=0.000 accepted=[0, 1, 2, 3, 4, 5, 6, 7]
[day2_n8_topk_seed43] 125/200 test=0.7925 TPR=0.000 FPR=0.000 accepted=[0, 1, 2, 3, 4, 5, 6, 7]
[day2_n8_topk_seed43] 130/200 test=0.7929 TPR=0.000 FPR=0.000 accepted=[0, 1, 2, 3, 4, 5, 6, 7]
[day2_n8_topk_seed43] 135/200 test=0.7916 TPR=0.000 FPR=0.000 accepted=[0, 1, 2, 3, 4, 5, 6, 7]
[day2_n8_topk_seed43] 140/200 test=0.7964 TPR=0.000 FPR=0.000 accepted=[0, 1, 2, 3, 4, 5, 6, 7]
[day2_n8_topk_seed43] 145/200 test=0.7990 TPR=0.000 FPR=0.000 accepted=[0, 1, 2, 3, 4, 5, 6, 7]
[day2_n8_topk_seed43] 150/200 test=0.7973 TPR=0.000 FPR=0.000 accepted=[0, 1, 2, 3, 4, 5, 6, 7]
[day2_n8_topk_seed43] 155/200 test=0.8013 TPR=0.000 FPR=0.000 accepted=[0, 1, 2, 3, 4, 5, 6, 7]
[day2_n8_topk_seed43] 160/200 test=0.8032 TPR=0.000 FPR=0.000 accepted=[0, 1, 2, 3, 4, 5, 6, 7]
[day2_n8_topk_seed43] 165/200 test=0.8027 TPR=0.000 FPR=0.000 accepted=[0, 1, 2, 3, 4, 5, 6, 7]
[day2_n8_topk_seed43] 170/200 test=0.8053 TPR=0.000 FPR=0.000 accepted=[0, 1, 2, 3, 4, 5, 6, 7]
[day2_n8_topk_seed43] 175/200 test=0.8070 TPR=0.000 FPR=0.000 accepted=[0, 1, 2, 3, 4, 5, 6, 7]
[day2_n8_topk_seed43] 180/200 test=0.8044 TPR=0.000 FPR=0.000 accepted=[0, 1, 2, 3, 4, 5, 6, 7]
[day2_n8_topk_seed43] 185/200 test=0.8040 TPR=0.000 FPR=0.000 accepted=[0, 1, 2, 3, 4, 5, 6, 7]
[day2_n8_topk_seed43] 190/200 test=0.8043 TPR=0.000 FPR=0.000 accepted=[0, 1, 2, 3, 4, 5, 6, 7]
[day2_n8_topk_seed43] 195/200 test=0.8049 TPR=0.000 FPR=0.000 accepted=[0, 1, 2, 3, 4, 5, 6, 7]
[day2_n8_topk_seed43] 200/200 test=0.8039 TPR=0.000 FPR=0.000 accepted=[0, 1, 2, 3, 4, 5, 6, 7]
[bundle_00_of_08] starting 4/16: {"aggregation":"softmax","attack":"byzantine_majority","cost":1.0,"day":3,"detector":"kmeans","epochs":50,"kind":"federated","n_malicious":5,"seed":42}
[day3_byzantine_majority_f5_kmeans_softmax_seed42] 001/50 test=0.1000 TPR=1.000 FPR=0.000 accepted=[2, 5, 7]
[day3_byzantine_majority_f5_kmeans_softmax_seed42] 005/50 test=0.1026 TPR=1.000 FPR=0.000 accepted=[2, 5, 7]
[day3_byzantine_majority_f5_kmeans_softmax_seed42] 010/50 test=0.2969 TPR=1.000 FPR=0.000 accepted=[2, 5, 7]
[day3_byzantine_majority_f5_kmeans_softmax_seed42] 015/50 test=0.3292 TPR=1.000 FPR=0.000 accepted=[2, 5, 7]
[day3_byzantine_majority_f5_kmeans_softmax_seed42] 020/50 test=0.3576 TPR=1.000 FPR=0.000 accepted=[2, 5, 7]
[day3_byzantine_majority_f5_kmeans_softmax_seed42] 025/50 test=0.3905 TPR=1.000 FPR=0.000 accepted=[2, 5, 7]
[day3_byzantine_majority_f5_kmeans_softmax_seed42] 030/50 test=0.4301 TPR=1.000 FPR=0.000 accepted=[2, 5, 7]
[day3_byzantine_majority_f5_kmeans_softmax_seed42] 035/50 test=0.4487 TPR=1.000 FPR=0.000 accepted=[2, 5, 7]
[day3_byzantine_majority_f5_kmeans_softmax_seed42] 040/50 test=0.4759 TPR=1.000 FPR=0.000 accepted=[2, 5, 7]
[day3_byzantine_majority_f5_kmeans_softmax_seed42] 045/50 test=0.4885 TPR=1.000 FPR=0.000 accepted=[2, 5, 7]
[day3_byzantine_majority_f5_kmeans_softmax_seed42] 050/50 test=0.5239 TPR=1.000 FPR=0.000 accepted=[2, 5, 7]
[bundle_00_of_08] starting 5/16: {"aggregation":"softmax","attack":"byzantine_majority","cost":1.0,"day":3,"detector":"krum","epochs":50,"kind":"federated","n_malicious":4,"seed":44}
[day3_byzantine_majority_f4_krum_softmax_seed44] 001/50 test=0.1000 TPR=0.000 FPR=1.000 accepted=[0, 1, 2, 7]
[day3_byzantine_majority_f4_krum_softmax_seed44] numerical collapse at epoch 2: Accepted submission produced non-finite validation logits
[bundle_00_of_08] starting 6/16: {"aggregation":"softmax","attack":"gaussian","cost":1.0,"day":3,"detector":"kmeans","epochs":50,"kind":"federated","n_malicious":2,"seed":43}
[day3_gaussian_f2_kmeans_softmax_seed43] numerical collapse at epoch 1: Accepted submission produced non-finite validation logits
[bundle_00_of_08] starting 7/16: {"aggregation":"softmax","attack":"gaussian","cost":1.0,"day":3,"detector":"krum","epochs":50,"kind":"federated","n_malicious":2,"seed":42}
[day3_gaussian_f2_krum_softmax_seed42] 001/50 test=0.1000 TPR=1.000 FPR=0.000 accepted=[0, 2, 3, 5, 6, 7]
[day3_gaussian_f2_krum_softmax_seed42] 005/50 test=0.1555 TPR=1.000 FPR=0.000 accepted=[0, 2, 3, 5, 6, 7]
[day3_gaussian_f2_krum_softmax_seed42] 010/50 test=0.2249 TPR=1.000 FPR=0.000 accepted=[0, 2, 3, 5, 6, 7]
[day3_gaussian_f2_krum_softmax_seed42] 015/50 test=0.3827 TPR=1.000 FPR=0.000 accepted=[0, 2, 3, 5, 6, 7]
[day3_gaussian_f2_krum_softmax_seed42] 020/50 test=0.4348 TPR=1.000 FPR=0.000 accepted=[0, 2, 3, 5, 6, 7]
[day3_gaussian_f2_krum_softmax_seed42] 025/50 test=0.4721 TPR=1.000 FPR=0.000 accepted=[0, 2, 3, 5, 6, 7]
[day3_gaussian_f2_krum_softmax_seed42] 030/50 test=0.5003 TPR=1.000 FPR=0.000 accepted=[0, 2, 3, 5, 6, 7]
[day3_gaussian_f2_krum_softmax_seed42] 035/50 test=0.5486 TPR=1.000 FPR=0.000 accepted=[0, 2, 3, 5, 6, 7]
[day3_gaussian_f2_krum_softmax_seed42] 040/50 test=0.5642 TPR=1.000 FPR=0.000 accepted=[0, 2, 3, 5, 6, 7]
[day3_gaussian_f2_krum_softmax_seed42] 045/50 test=0.5930 TPR=1.000 FPR=0.000 accepted=[0, 2, 3, 5, 6, 7]
[day3_gaussian_f2_krum_softmax_seed42] 050/50 test=0.6113 TPR=1.000 FPR=0.000 accepted=[0, 2, 3, 5, 6, 7]
[bundle_00_of_08] starting 8/16: {"aggregation":"softmax","attack":"gaussian","cost":1.0,"day":3,"detector":"krum","epochs":50,"kind":"federated","n_malicious":5,"seed":44}
[day3_gaussian_f5_krum_softmax_seed44] 001/50 test=0.1000 TPR=1.000 FPR=0.000 accepted=[2, 4, 5]
[day3_gaussian_f5_krum_softmax_seed44] 005/50 test=0.1322 TPR=1.000 FPR=0.000 accepted=[2, 4, 5]
[day3_gaussian_f5_krum_softmax_seed44] 010/50 test=0.1991 TPR=1.000 FPR=0.000 accepted=[2, 4, 5]
[day3_gaussian_f5_krum_softmax_seed44] 015/50 test=0.3607 TPR=1.000 FPR=0.000 accepted=[2, 4, 5]
[day3_gaussian_f5_krum_softmax_seed44] 020/50 test=0.3972 TPR=1.000 FPR=0.000 accepted=[2, 4, 5]
[day3_gaussian_f5_krum_softmax_seed44] 025/50 test=0.4510 TPR=1.000 FPR=0.000 accepted=[2, 4, 5]
[day3_gaussian_f5_krum_softmax_seed44] 030/50 test=0.4924 TPR=1.000 FPR=0.000 accepted=[2, 4, 5]
[day3_gaussian_f5_krum_softmax_seed44] 035/50 test=0.5110 TPR=1.000 FPR=0.000 accepted=[2, 4, 5]
[day3_gaussian_f5_krum_softmax_seed44] 040/50 test=0.5344 TPR=1.000 FPR=0.000 accepted=[2, 4, 5]
[day3_gaussian_f5_krum_softmax_seed44] 045/50 test=0.5696 TPR=1.000 FPR=0.000 accepted=[2, 4, 5]
[day3_gaussian_f5_krum_softmax_seed44] 050/50 test=0.5914 TPR=1.000 FPR=0.000 accepted=[2, 4, 5]
[bundle_00_of_08] starting 9/16: {"aggregation":"softmax","attack":"mean_shift","cost":1.0,"day":3,"detector":"kmeans","epochs":50,"kind":"federated","n_malicious":5,"seed":43}
[day3_mean_shift_f5_kmeans_softmax_seed43] 001/50 test=0.1000 TPR=0.000 FPR=0.333 accepted=[0, 1, 2, 3, 4, 5, 7]
[day3_mean_shift_f5_kmeans_softmax_seed43] 005/50 test=0.1000 TPR=0.000 FPR=0.333 accepted=[0, 2, 3, 4, 5, 6, 7]
[day3_mean_shift_f5_kmeans_softmax_seed43] 010/50 test=0.1346 TPR=0.000 FPR=0.333 accepted=[0, 1, 2, 3, 4, 5, 6]
[day3_mean_shift_f5_kmeans_softmax_seed43] 015/50 test=0.3487 TPR=1.000 FPR=0.000 accepted=[1, 6, 7]
[day3_mean_shift_f5_kmeans_softmax_seed43] 020/50 test=0.4376 TPR=1.000 FPR=0.000 accepted=[1, 6, 7]
[day3_mean_shift_f5_kmeans_softmax_seed43] 025/50 test=0.4927 TPR=1.000 FPR=0.000 accepted=[1, 6, 7]
[day3_mean_shift_f5_kmeans_softmax_seed43] 030/50 test=0.5396 TPR=0.000 FPR=0.667 accepted=[0, 1, 2, 3, 4, 5]
[day3_mean_shift_f5_kmeans_softmax_seed43] 035/50 test=0.5725 TPR=0.000 FPR=0.667 accepted=[0, 2, 3, 4, 5, 6]
[day3_mean_shift_f5_kmeans_softmax_seed43] 040/50 test=0.6072 TPR=1.000 FPR=0.000 accepted=[1, 6, 7]
[day3_mean_shift_f5_kmeans_softmax_seed43] 045/50 test=0.6330 TPR=0.000 FPR=0.667 accepted=[0, 2, 3, 4, 5, 7]
[day3_mean_shift_f5_kmeans_softmax_seed43] 050/50 test=0.6485 TPR=0.000 FPR=0.333 accepted=[0, 1, 2, 3, 4, 5, 6]
[bundle_00_of_08] starting 10/16: {"aggregation":"softmax","attack":"mean_shift","cost":1.0,"day":3,"detector":"krum","epochs":50,"kind":"federated","n_malicious":5,"seed":42}
[day3_mean_shift_f5_krum_softmax_seed42] 001/50 test=0.1000 TPR=0.400 FPR=1.000 accepted=[0, 1, 4]
[day3_mean_shift_f5_krum_softmax_seed42] 005/50 test=0.1000 TPR=0.400 FPR=1.000 accepted=[0, 4, 6]
[day3_mean_shift_f5_krum_softmax_seed42] 010/50 test=0.1000 TPR=0.400 FPR=1.000 accepted=[0, 1, 4]
[day3_mean_shift_f5_krum_softmax_seed42] 015/50 test=0.3123 TPR=0.400 FPR=1.000 accepted=[1, 3, 6]
[day3_mean_shift_f5_krum_softmax_seed42] 020/50 test=0.3915 TPR=0.400 FPR=1.000 accepted=[0, 1, 4]
[day3_mean_shift_f5_krum_softmax_seed42] 025/50 test=0.4396 TPR=0.400 FPR=1.000 accepted=[0, 1, 4]
[day3_mean_shift_f5_krum_softmax_seed42] 030/50 test=0.4812 TPR=0.400 FPR=1.000 accepted=[0, 4, 6]
[day3_mean_shift_f5_krum_softmax_seed42] 035/50 test=0.5032 TPR=0.400 FPR=1.000 accepted=[1, 3, 6]
[day3_mean_shift_f5_krum_softmax_seed42] 040/50 test=0.5047 TPR=0.400 FPR=1.000 accepted=[0, 1, 4]
[day3_mean_shift_f5_krum_softmax_seed42] 045/50 test=0.5293 TPR=0.400 FPR=1.000 accepted=[0, 1, 4]
[day3_mean_shift_f5_krum_softmax_seed42] 050/50 test=0.5269 TPR=0.400 FPR=1.000 accepted=[0, 1, 4]
[bundle_00_of_08] starting 11/16: {"aggregation":"softmax","attack":"zero_update","cost":1.0,"day":3,"detector":"kmeans","epochs":50,"kind":"federated","n_malicious":4,"seed":44}
[day3_zero_update_f4_kmeans_softmax_seed44] 001/50 test=0.1000 TPR=0.000 FPR=0.250 accepted=[0, 1, 2, 4, 5, 6, 7]
[day3_zero_update_f4_kmeans_softmax_seed44] 005/50 test=0.1001 TPR=0.000 FPR=0.250 accepted=[0, 1, 2, 3, 4, 5, 7]
[day3_zero_update_f4_kmeans_softmax_seed44] 010/50 test=0.2980 TPR=0.000 FPR=0.250 accepted=[0, 1, 2, 3, 4, 5, 7]
[day3_zero_update_f4_kmeans_softmax_seed44] 015/50 test=0.3523 TPR=0.000 FPR=1.000 accepted=[0, 1, 2, 7]
[day3_zero_update_f4_kmeans_softmax_seed44] 020/50 test=0.4456 TPR=0.000 FPR=0.250 accepted=[0, 1, 2, 3, 4, 5, 7]
[day3_zero_update_f4_kmeans_softmax_seed44] 025/50 test=0.4627 TPR=1.000 FPR=0.000 accepted=[3, 4, 5, 6]
[day3_zero_update_f4_kmeans_softmax_seed44] 030/50 test=0.5015 TPR=0.000 FPR=1.000 accepted=[0, 1, 2, 7]
[day3_zero_update_f4_kmeans_softmax_seed44] 035/50 test=0.4946 TPR=0.000 FPR=1.000 accepted=[0, 1, 2, 7]
[day3_zero_update_f4_kmeans_softmax_seed44] 040/50 test=0.4879 TPR=0.000 FPR=1.000 accepted=[0, 1, 2, 7]
[day3_zero_update_f4_kmeans_softmax_seed44] 045/50 test=0.5483 TPR=1.000 FPR=0.000 accepted=[3, 4, 5, 6]
[day3_zero_update_f4_kmeans_softmax_seed44] 050/50 test=0.5824 TPR=1.000 FPR=0.000 accepted=[3, 4, 5, 6]
[bundle_00_of_08] starting 12/16: {"aggregation":"softmax","attack":"zero_update","cost":1.0,"day":3,"detector":"krum","epochs":50,"kind":"federated","n_malicious":4,"seed":43}
[day3_zero_update_f4_krum_softmax_seed43] 001/50 test=0.1000 TPR=0.000 FPR=1.000 accepted=[1, 2, 3, 7]
[day3_zero_update_f4_krum_softmax_seed43] 005/50 test=0.1000 TPR=0.000 FPR=1.000 accepted=[1, 2, 3, 7]
[day3_zero_update_f4_krum_softmax_seed43] 010/50 test=0.1000 TPR=0.000 FPR=1.000 accepted=[1, 2, 3, 7]
[day3_zero_update_f4_krum_softmax_seed43] 015/50 test=0.1000 TPR=0.000 FPR=1.000 accepted=[1, 2, 3, 7]
[day3_zero_update_f4_krum_softmax_seed43] 020/50 test=0.1000 TPR=0.000 FPR=1.000 accepted=[1, 2, 3, 7]
[day3_zero_update_f4_krum_softmax_seed43] 025/50 test=0.1000 TPR=0.000 FPR=1.000 accepted=[1, 2, 3, 7]
[day3_zero_update_f4_krum_softmax_seed43] 030/50 test=0.1000 TPR=0.000 FPR=1.000 accepted=[1, 2, 3, 7]
[day3_zero_update_f4_krum_softmax_seed43] 035/50 test=0.1000 TPR=0.000 FPR=1.000 accepted=[1, 2, 3, 7]
[day3_zero_update_f4_krum_softmax_seed43] 040/50 test=0.1000 TPR=0.000 FPR=1.000 accepted=[1, 2, 3, 7]
[day3_zero_update_f4_krum_softmax_seed43] 045/50 test=0.1000 TPR=0.000 FPR=1.000 accepted=[1, 2, 3, 7]
[day3_zero_update_f4_krum_softmax_seed43] 050/50 test=0.1000 TPR=0.000 FPR=1.000 accepted=[1, 2, 3, 7]
[bundle_00_of_08] starting 13/16: {"aggregation":"topk","attack":"mean_shift","cost":0.6,"day":10,"detector":"kmeans","epochs":30,"kind":"federated","label":"baseline_kmeans_topk","n_malicious":2,"seed":42}
[day10_baseline_kmeans_topk_seed42] 001/30 test=0.1000 TPR=0.000 FPR=0.333 accepted=[1, 2, 3, 4, 5, 6]
[day10_baseline_kmeans_topk_seed42] 005/30 test=0.1484 TPR=0.000 FPR=0.333 accepted=[0, 1, 3, 4, 6, 7]
[day10_baseline_kmeans_topk_seed42] 010/30 test=0.2662 TPR=0.000 FPR=0.167 accepted=[0, 1, 2, 4, 5, 6, 7]
[day10_baseline_kmeans_topk_seed42] 015/30 test=0.3498 TPR=0.000 FPR=0.333 accepted=[0, 1, 2, 3, 4, 5]
[day10_baseline_kmeans_topk_seed42] 020/30 test=0.3970 TPR=0.000 FPR=0.167 accepted=[0, 1, 2, 3, 4, 5, 7]
[day10_baseline_kmeans_topk_seed42] 025/30 test=0.4303 TPR=1.000 FPR=0.000 accepted=[0, 2, 3, 5, 6, 7]
[day10_baseline_kmeans_topk_seed42] 030/30 test=0.4663 TPR=1.000 FPR=0.000 accepted=[0, 2, 3, 5, 6, 7]
[bundle_00_of_08] starting 14/16: {"attack":"gaussian_activation","cost":0.5,"day":6,"detector_name":"activation_norm","kind":"day6","seed":43}
[day6_gaussian_activation_activation_norm_seed43] 01/20 val=0.1110 test(report)=0.1096 TPR=1.000 FPR=1.000
[day6_gaussian_activation_activation_norm_seed43] 02/20 val=0.1580 test(report)=0.1557 TPR=1.000 FPR=1.000
[day6_gaussian_activation_activation_norm_seed43] 03/20 val=0.2038 test(report)=0.2019 TPR=1.000 FPR=1.000
[day6_gaussian_activation_activation_norm_seed43] 04/20 val=0.2368 test(report)=0.2455 TPR=1.000 FPR=1.000
[day6_gaussian_activation_activation_norm_seed43] 05/20 val=0.2466 test(report)=0.2524 TPR=1.000 FPR=1.000
[day6_gaussian_activation_activation_norm_seed43] 06/20 val=0.2952 test(report)=0.2854 TPR=1.000 FPR=1.000
[day6_gaussian_activation_activation_norm_seed43] 07/20 val=0.3508 test(report)=0.3593 TPR=1.000 FPR=1.000
[day6_gaussian_activation_activation_norm_seed43] 08/20 val=0.3956 test(report)=0.4079 TPR=1.000 FPR=1.000
[day6_gaussian_activation_activation_norm_seed43] 09/20 val=0.4088 test(report)=0.4203 TPR=1.000 FPR=1.000
[day6_gaussian_activation_activation_norm_seed43] 10/20 val=0.4504 test(report)=0.4590 TPR=1.000 FPR=1.000
[day6_gaussian_activation_activation_norm_seed43] 11/20 val=0.4656 test(report)=0.4751 TPR=1.000 FPR=1.000
[day6_gaussian_activation_activation_norm_seed43] 12/20 val=0.5110 test(report)=0.5165 TPR=1.000 FPR=1.000
[day6_gaussian_activation_activation_norm_seed43] 13/20 val=0.5078 test(report)=0.5152 TPR=1.000 FPR=1.000
[day6_gaussian_activation_activation_norm_seed43] 14/20 val=0.5440 test(report)=0.5459 TPR=1.000 FPR=1.000
[day6_gaussian_activation_activation_norm_seed43] 15/20 val=0.6000 test(report)=0.5941 TPR=1.000 FPR=1.000
[day6_gaussian_activation_activation_norm_seed43] 16/20 val=0.5776 test(report)=0.5815 TPR=1.000 FPR=1.000
[day6_gaussian_activation_activation_norm_seed43] 17/20 val=0.6038 test(report)=0.5951 TPR=1.000 FPR=1.000
[day6_gaussian_activation_activation_norm_seed43] 18/20 val=0.6136 test(report)=0.6254 TPR=1.000 FPR=1.000
[day6_gaussian_activation_activation_norm_seed43] 19/20 val=0.6128 test(report)=0.6179 TPR=1.000 FPR=1.000
[day6_gaussian_activation_activation_norm_seed43] 20/20 val=0.6064 test(report)=0.6056 TPR=1.000 FPR=1.000
[bundle_00_of_08] starting 15/16: {"attack":"sign_flip","cost":0.5,"day":6,"detector_name":"none","kind":"day6","seed":42}
[day6_sign_flip_none_seed42] 01/20 val=0.1426 test(report)=0.1433 TPR=0.000 FPR=0.000
[day6_sign_flip_none_seed42] 02/20 val=0.2368 test(report)=0.2320 TPR=0.000 FPR=0.000
[day6_sign_flip_none_seed42] 03/20 val=0.3226 test(report)=0.3282 TPR=0.000 FPR=0.000
[day6_sign_flip_none_seed42] 04/20 val=0.3628 test(report)=0.3878 TPR=0.000 FPR=0.000
[day6_sign_flip_none_seed42] 05/20 val=0.3714 test(report)=0.3898 TPR=0.000 FPR=0.000
[day6_sign_flip_none_seed42] 06/20 val=0.3604 test(report)=0.3739 TPR=0.000 FPR=0.000
[day6_sign_flip_none_seed42] 07/20 val=0.3980 test(report)=0.3990 TPR=0.000 FPR=0.000
[day6_sign_flip_none_seed42] 08/20 val=0.4352 test(report)=0.4428 TPR=0.000 FPR=0.000
[day6_sign_flip_none_seed42] 09/20 val=0.4744 test(report)=0.4816 TPR=0.000 FPR=0.000
[day6_sign_flip_none_seed42] 10/20 val=0.5516 test(report)=0.5617 TPR=0.000 FPR=0.000
[day6_sign_flip_none_seed42] 11/20 val=0.5688 test(report)=0.5680 TPR=0.000 FPR=0.000
[day6_sign_flip_none_seed42] 12/20 val=0.4886 test(report)=0.4980 TPR=0.000 FPR=0.000
[day6_sign_flip_none_seed42] 13/20 val=0.5718 test(report)=0.5723 TPR=0.000 FPR=0.000
[day6_sign_flip_none_seed42] 14/20 val=0.6032 test(report)=0.5904 TPR=0.000 FPR=0.000
[day6_sign_flip_none_seed42] 15/20 val=0.6232 test(report)=0.6176 TPR=0.000 FPR=0.000
[day6_sign_flip_none_seed42] 16/20 val=0.6100 test(report)=0.6043 TPR=0.000 FPR=0.000
[day6_sign_flip_none_seed42] 17/20 val=0.6534 test(report)=0.6468 TPR=0.000 FPR=0.000
[day6_sign_flip_none_seed42] 18/20 val=0.6422 test(report)=0.6418 TPR=0.000 FPR=0.000
[day6_sign_flip_none_seed42] 19/20 val=0.6782 test(report)=0.6692 TPR=0.000 FPR=0.000
[day6_sign_flip_none_seed42] 20/20 val=0.6804 test(report)=0.6830 TPR=0.000 FPR=0.000
[bundle_00_of_08] starting 16/16: {"attack":"zero_activation","cost":0.5,"day":6,"detector_name":"none","kind":"day6","seed":44}
[day6_zero_activation_none_seed44] 01/20 val=0.1032 test(report)=0.1000 TPR=0.000 FPR=0.000
[day6_zero_activation_none_seed44] 02/20 val=0.1076 test(report)=0.1000 TPR=0.000 FPR=0.000
[day6_zero_activation_none_seed44] 03/20 val=0.0972 test(report)=0.1000 TPR=0.000 FPR=0.000
[day6_zero_activation_none_seed44] 04/20 val=0.1076 test(report)=0.1000 TPR=0.000 FPR=0.000
[day6_zero_activation_none_seed44] 05/20 val=0.1014 test(report)=0.1000 TPR=0.000 FPR=0.000
[day6_zero_activation_none_seed44] 06/20 val=0.0960 test(report)=0.1000 TPR=0.000 FPR=0.000
[day6_zero_activation_none_seed44] 07/20 val=0.0960 test(report)=0.1000 TPR=0.000 FPR=0.000
[day6_zero_activation_none_seed44] 08/20 val=0.0956 test(report)=0.1000 TPR=0.000 FPR=0.000
[day6_zero_activation_none_seed44] 09/20 val=0.0904 test(report)=0.1000 TPR=0.000 FPR=0.000
[day6_zero_activation_none_seed44] 10/20 val=0.0972 test(report)=0.1000 TPR=0.000 FPR=0.000
[day6_zero_activation_none_seed44] 11/20 val=0.0956 test(report)=0.1000 TPR=0.000 FPR=0.000
[day6_zero_activation_none_seed44] 12/20 val=0.1032 test(report)=0.1000 TPR=0.000 FPR=0.000
[day6_zero_activation_none_seed44] 13/20 val=0.0956 test(report)=0.1000 TPR=0.000 FPR=0.000
[day6_zero_activation_none_seed44] 14/20 val=0.0998 test(report)=0.1000 TPR=0.000 FPR=0.000
[day6_zero_activation_none_seed44] 15/20 val=0.0956 test(report)=0.1000 TPR=0.000 FPR=0.000
[day6_zero_activation_none_seed44] 16/20 val=0.0988 test(report)=0.1000 TPR=0.000 FPR=0.000
[day6_zero_activation_none_seed44] 17/20 val=0.0904 test(report)=0.1000 TPR=0.000 FPR=0.000
[day6_zero_activation_none_seed44] 18/20 val=0.1076 test(report)=0.1000 TPR=0.000 FPR=0.000
[day6_zero_activation_none_seed44] 19/20 val=0.0972 test(report)=0.1000 TPR=0.000 FPR=0.000
[day6_zero_activation_none_seed44] 20/20 val=0.1076 test(report)=0.1000 TPR=0.000 FPR=0.000
bundle_complete=true
