timestamp=2026-08-15T18:28:24+05:30
hostname=rsgpu019
job_id=602594 array_task=4
0, NVIDIA A100 80GB PCIe, 81920 MiB, 550.54.14
output:      /scratch/mm24r002/paper_rerun_20260815/results/full
config hash: 7e267c0bf303542b
run days:    [1, 2, 3, 4, 6, 7, 10]
seeds:       (42, 43, 44)
{
  "created_utc": "2026-08-15T12:59:19Z",
  "config": {
    "output_root": "/scratch/mm24r002/paper_rerun_20260815/results/full",
    "data_root": "/scratch/mm24r002/paper_rerun_20260815/data",
    "model_architecture": "torchvision_resnet50_standard_stem_cifar10_head",
    "model_num_classes": 10,
    "model_parameter_count": 23528522,
    "seeds": [
      42,
      43,
      44
    ],
    "split_seed": 20260815,
    "train_size": 45000,
    "validation_size": 5000,
    "test_size": 10000,
    "batch_size": 128,
    "loader_workers": 2,
    "learning_rate": 0.1,
    "momentum": 0.9,
    "weight_decay": 0.0005,
    "nesterov": true,
    "lr_milestones": [
      100,
      150
    ],
    "lr_gamma": 0.1,
    "temperature": 0.1,
    "use_bfloat16_amp": true,
    "deterministic": true,
    "n_workers": 8,
    "day1_epochs": 200,
    "day3_epochs": 50,
    "day4_epochs": 5,
    "day4_benchmark_warmup": 2,
    "day4_benchmark_runs": 5,
    "day5_epochs": 200,
    "day6_epochs": 20,
    "day7_epochs": 5,
    "day10_epochs": 30,
    "gaussian_covariance": 30.0,
    "mean_shift_scale": 1.0,
    "majority_scale": 5.0,
    "save_checkpoints": true,
    "checkpoint_interval": 5
  },
  "config_hash": "7e267c0bf303542b",
  "run_days": [
    1,
    2,
    3,
    4,
    6,
    7,
    10
  ],
  "smoke_test": false,
  "python": "3.10.13",
  "platform": "Linux-4.18.0-513.5.1.el8_9.x86_64-x86_64-with-glibc2.28",
  "torch": "2.2.1",
  "torchvision": "0.17.1",
  "cuda_runtime": "11.8",
  "cudnn": 8700,
  "numpy": "1.26.4",
  "gpus": [
    {
      "index": 0,
      "name": "NVIDIA A100 80GB PCIe",
      "total_memory_bytes": 84974239744,
      "compute_capability": "8.0"
    }
  ],
  "scope_note": "Algorithm-level DGX simulation; no real blockchain/network/VRF proof execution."
}
Files already downloaded and verified
Files already downloaded and verified
[bundle_04_of_08] starting 1/15: {"aggregation":"softmax","attack":"clean","cost":4.0,"day":2,"detector":"none","epochs":200,"kind":"federated","label":"n4_softmax","n_malicious":0,"n_workers":4,"seed":43}
[day2_n4_softmax_seed43] 001/200 test=0.1000 TPR=0.000 FPR=0.000 accepted=[0, 1, 2, 3]
[day2_n4_softmax_seed43] 005/200 test=0.2362 TPR=0.000 FPR=0.000 accepted=[0, 1, 2, 3]
[day2_n4_softmax_seed43] 010/200 test=0.4146 TPR=0.000 FPR=0.000 accepted=[0, 1, 2, 3]
[day2_n4_softmax_seed43] 015/200 test=0.4704 TPR=0.000 FPR=0.000 accepted=[0, 1, 2, 3]
[day2_n4_softmax_seed43] 020/200 test=0.5258 TPR=0.000 FPR=0.000 accepted=[0, 1, 2, 3]
[day2_n4_softmax_seed43] 025/200 test=0.5631 TPR=0.000 FPR=0.000 accepted=[0, 1, 2, 3]
[day2_n4_softmax_seed43] 030/200 test=0.6148 TPR=0.000 FPR=0.000 accepted=[0, 1, 2, 3]
[day2_n4_softmax_seed43] 035/200 test=0.6463 TPR=0.000 FPR=0.000 accepted=[0, 1, 2, 3]
[day2_n4_softmax_seed43] 040/200 test=0.6709 TPR=0.000 FPR=0.000 accepted=[0, 1, 2, 3]
[day2_n4_softmax_seed43] 045/200 test=0.7120 TPR=0.000 FPR=0.000 accepted=[0, 1, 2, 3]
[day2_n4_softmax_seed43] 050/200 test=0.7314 TPR=0.000 FPR=0.000 accepted=[0, 1, 2, 3]
[day2_n4_softmax_seed43] 055/200 test=0.7413 TPR=0.000 FPR=0.000 accepted=[0, 1, 2, 3]
[day2_n4_softmax_seed43] 060/200 test=0.7627 TPR=0.000 FPR=0.000 accepted=[0, 1, 2, 3]
[day2_n4_softmax_seed43] 065/200 test=0.7761 TPR=0.000 FPR=0.000 accepted=[0, 1, 2, 3]
[day2_n4_softmax_seed43] 070/200 test=0.7838 TPR=0.000 FPR=0.000 accepted=[0, 1, 2, 3]
[day2_n4_softmax_seed43] 075/200 test=0.7913 TPR=0.000 FPR=0.000 accepted=[0, 1, 2, 3]
[day2_n4_softmax_seed43] 080/200 test=0.7933 TPR=0.000 FPR=0.000 accepted=[0, 1, 2, 3]
[day2_n4_softmax_seed43] 085/200 test=0.7934 TPR=0.000 FPR=0.000 accepted=[0, 1, 2, 3]
[day2_n4_softmax_seed43] 090/200 test=0.7975 TPR=0.000 FPR=0.000 accepted=[0, 1, 2, 3]
[day2_n4_softmax_seed43] 095/200 test=0.8119 TPR=0.000 FPR=0.000 accepted=[0, 1, 2, 3]
[day2_n4_softmax_seed43] 100/200 test=0.8075 TPR=0.000 FPR=0.000 accepted=[0, 1, 2, 3]
[day2_n4_softmax_seed43] 105/200 test=0.8415 TPR=0.000 FPR=0.000 accepted=[0, 1, 2, 3]
[day2_n4_softmax_seed43] 110/200 test=0.8473 TPR=0.000 FPR=0.000 accepted=[0, 1, 2, 3]
[day2_n4_softmax_seed43] 115/200 test=0.8476 TPR=0.000 FPR=0.000 accepted=[0, 1, 2, 3]
[day2_n4_softmax_seed43] 120/200 test=0.8505 TPR=0.000 FPR=0.000 accepted=[0, 1, 2, 3]
[day2_n4_softmax_seed43] 125/200 test=0.8525 TPR=0.000 FPR=0.000 accepted=[0, 1, 2, 3]
[day2_n4_softmax_seed43] 130/200 test=0.8511 TPR=0.000 FPR=0.000 accepted=[0, 1, 2, 3]
[day2_n4_softmax_seed43] 135/200 test=0.8532 TPR=0.000 FPR=0.000 accepted=[0, 1, 2, 3]
[day2_n4_softmax_seed43] 140/200 test=0.8519 TPR=0.000 FPR=0.000 accepted=[0, 1, 2, 3]
[day2_n4_softmax_seed43] 145/200 test=0.8557 TPR=0.000 FPR=0.000 accepted=[0, 1, 2, 3]
[day2_n4_softmax_seed43] 150/200 test=0.8590 TPR=0.000 FPR=0.000 accepted=[0, 1, 2, 3]
[day2_n4_softmax_seed43] 155/200 test=0.8592 TPR=0.000 FPR=0.000 accepted=[0, 1, 2, 3]
[day2_n4_softmax_seed43] 160/200 test=0.8578 TPR=0.000 FPR=0.000 accepted=[0, 1, 2, 3]
[day2_n4_softmax_seed43] 165/200 test=0.8571 TPR=0.000 FPR=0.000 accepted=[0, 1, 2, 3]
[day2_n4_softmax_seed43] 170/200 test=0.8557 TPR=0.000 FPR=0.000 accepted=[0, 1, 2, 3]
[day2_n4_softmax_seed43] 175/200 test=0.8566 TPR=0.000 FPR=0.000 accepted=[0, 1, 2, 3]
[day2_n4_softmax_seed43] 180/200 test=0.8563 TPR=0.000 FPR=0.000 accepted=[0, 1, 2, 3]
[day2_n4_softmax_seed43] 185/200 test=0.8568 TPR=0.000 FPR=0.000 accepted=[0, 1, 2, 3]
[day2_n4_softmax_seed43] 190/200 test=0.8560 TPR=0.000 FPR=0.000 accepted=[0, 1, 2, 3]
[day2_n4_softmax_seed43] 195/200 test=0.8553 TPR=0.000 FPR=0.000 accepted=[0, 1, 2, 3]
[day2_n4_softmax_seed43] 200/200 test=0.8565 TPR=0.000 FPR=0.000 accepted=[0, 1, 2, 3]
[bundle_04_of_08] starting 2/15: {"aggregation":"topk","attack":"clean","cost":4.0,"day":2,"detector":"none","epochs":200,"kind":"federated","label":"n4_topk","n_malicious":0,"n_workers":4,"seed":42}
[day2_n4_topk_seed42] 001/200 test=0.1000 TPR=0.000 FPR=0.000 accepted=[0, 1, 2, 3]
[day2_n4_topk_seed42] 005/200 test=0.2507 TPR=0.000 FPR=0.000 accepted=[0, 1, 2, 3]
[day2_n4_topk_seed42] 010/200 test=0.3846 TPR=0.000 FPR=0.000 accepted=[0, 1, 2, 3]
[day2_n4_topk_seed42] 015/200 test=0.4605 TPR=0.000 FPR=0.000 accepted=[0, 1, 2, 3]
[day2_n4_topk_seed42] 020/200 test=0.5093 TPR=0.000 FPR=0.000 accepted=[0, 1, 2, 3]
[day2_n4_topk_seed42] 025/200 test=0.5389 TPR=0.000 FPR=0.000 accepted=[0, 1, 2, 3]
[day2_n4_topk_seed42] 030/200 test=0.5758 TPR=0.000 FPR=0.000 accepted=[0, 1, 2, 3]
[day2_n4_topk_seed42] 035/200 test=0.6070 TPR=0.000 FPR=0.000 accepted=[0, 1, 2, 3]
[day2_n4_topk_seed42] 040/200 test=0.6362 TPR=0.000 FPR=0.000 accepted=[0, 1, 2, 3]
[day2_n4_topk_seed42] 045/200 test=0.6322 TPR=0.000 FPR=0.000 accepted=[0, 1, 2, 3]
[day2_n4_topk_seed42] 050/200 test=0.6789 TPR=0.000 FPR=0.000 accepted=[0, 1, 2, 3]
[day2_n4_topk_seed42] 055/200 test=0.6989 TPR=0.000 FPR=0.000 accepted=[0, 1, 2, 3]
[day2_n4_topk_seed42] 060/200 test=0.7170 TPR=0.000 FPR=0.000 accepted=[0, 1, 2, 3]
[day2_n4_topk_seed42] 065/200 test=0.7440 TPR=0.000 FPR=0.000 accepted=[0, 1, 2, 3]
[day2_n4_topk_seed42] 070/200 test=0.7278 TPR=0.000 FPR=0.000 accepted=[0, 1, 2, 3]
[day2_n4_topk_seed42] 075/200 test=0.7590 TPR=0.000 FPR=0.000 accepted=[0, 1, 2, 3]
[day2_n4_topk_seed42] 080/200 test=0.7623 TPR=0.000 FPR=0.000 accepted=[0, 1, 2, 3]
[day2_n4_topk_seed42] 085/200 test=0.7508 TPR=0.000 FPR=0.000 accepted=[0, 1, 2, 3]
[day2_n4_topk_seed42] 090/200 test=0.7632 TPR=0.000 FPR=0.000 accepted=[0, 1, 2, 3]
[day2_n4_topk_seed42] 095/200 test=0.7652 TPR=0.000 FPR=0.000 accepted=[0, 1, 2, 3]
[day2_n4_topk_seed42] 100/200 test=0.7656 TPR=0.000 FPR=0.000 accepted=[0, 1, 2, 3]
[day2_n4_topk_seed42] 105/200 test=0.8234 TPR=0.000 FPR=0.000 accepted=[0, 1, 2, 3]
[day2_n4_topk_seed42] 110/200 test=0.8291 TPR=0.000 FPR=0.000 accepted=[0, 1, 2, 3]
[day2_n4_topk_seed42] 115/200 test=0.8337 TPR=0.000 FPR=0.000 accepted=[0, 1, 2, 3]
[day2_n4_topk_seed42] 120/200 test=0.8347 TPR=0.000 FPR=0.000 accepted=[0, 1, 2, 3]
[day2_n4_topk_seed42] 125/200 test=0.8354 TPR=0.000 FPR=0.000 accepted=[0, 1, 2, 3]
[day2_n4_topk_seed42] 130/200 test=0.8360 TPR=0.000 FPR=0.000 accepted=[0, 1, 2, 3]
[day2_n4_topk_seed42] 135/200 test=0.8397 TPR=0.000 FPR=0.000 accepted=[0, 1, 2, 3]
[day2_n4_topk_seed42] 140/200 test=0.8373 TPR=0.000 FPR=0.000 accepted=[0, 1, 2, 3]
[day2_n4_topk_seed42] 145/200 test=0.8424 TPR=0.000 FPR=0.000 accepted=[0, 1, 2, 3]
[day2_n4_topk_seed42] 150/200 test=0.8408 TPR=0.000 FPR=0.000 accepted=[0, 1, 2, 3]
[day2_n4_topk_seed42] 155/200 test=0.8488 TPR=0.000 FPR=0.000 accepted=[0, 1, 2, 3]
[day2_n4_topk_seed42] 160/200 test=0.8474 TPR=0.000 FPR=0.000 accepted=[0, 1, 2, 3]
[day2_n4_topk_seed42] 165/200 test=0.8508 TPR=0.000 FPR=0.000 accepted=[0, 1, 2, 3]
[day2_n4_topk_seed42] 170/200 test=0.8498 TPR=0.000 FPR=0.000 accepted=[0, 1, 2, 3]
[day2_n4_topk_seed42] 175/200 test=0.8489 TPR=0.000 FPR=0.000 accepted=[0, 1, 2, 3]
[day2_n4_topk_seed42] 180/200 test=0.8482 TPR=0.000 FPR=0.000 accepted=[0, 1, 2, 3]
[day2_n4_topk_seed42] 185/200 test=0.8487 TPR=0.000 FPR=0.000 accepted=[0, 1, 2, 3]
[day2_n4_topk_seed42] 190/200 test=0.8470 TPR=0.000 FPR=0.000 accepted=[0, 1, 2, 3]
[day2_n4_topk_seed42] 195/200 test=0.8476 TPR=0.000 FPR=0.000 accepted=[0, 1, 2, 3]
[day2_n4_topk_seed42] 200/200 test=0.8466 TPR=0.000 FPR=0.000 accepted=[0, 1, 2, 3]
[bundle_04_of_08] starting 3/15: {"cost":4.0,"day":1,"kind":"day1","seed":44}
[day1_seed44] 001/200 train=0.1550 val=0.2088 test(report)=0.2084
[day1_seed44] 010/200 train=0.5216 val=0.5444 test(report)=0.5578
[day1_seed44] 020/200 train=0.6631 val=0.6212 test(report)=0.6339
[day1_seed44] 030/200 train=0.7280 val=0.7170 test(report)=0.7158
[day1_seed44] 040/200 train=0.7509 val=0.7058 test(report)=0.7137
[day1_seed44] 050/200 train=0.7609 val=0.7534 test(report)=0.7611
[day1_seed44] 060/200 train=0.7682 val=0.7052 test(report)=0.7064
[day1_seed44] 070/200 train=0.7737 val=0.7410 test(report)=0.7469
[day1_seed44] 080/200 train=0.7784 val=0.7496 test(report)=0.7488
[day1_seed44] 090/200 train=0.7823 val=0.7202 test(report)=0.7168
[day1_seed44] 100/200 train=0.7806 val=0.7068 test(report)=0.7139
[day1_seed44] 110/200 train=0.9053 val=0.8668 test(report)=0.8650
[day1_seed44] 120/200 train=0.9151 val=0.8712 test(report)=0.8646
[day1_seed44] 130/200 train=0.9197 val=0.8554 test(report)=0.8552
[day1_seed44] 140/200 train=0.9274 val=0.8566 test(report)=0.8561
[day1_seed44] 150/200 train=0.9279 val=0.8602 test(report)=0.8510
[day1_seed44] 160/200 train=0.9806 val=0.8904 test(report)=0.8858
[day1_seed44] 170/200 train=0.9852 val=0.8892 test(report)=0.8855
[day1_seed44] 180/200 train=0.9885 val=0.8930 test(report)=0.8838
[day1_seed44] 190/200 train=0.9909 val=0.8912 test(report)=0.8824
[day1_seed44] 200/200 train=0.9917 val=0.8912 test(report)=0.8797
[bundle_04_of_08] starting 4/15: {"aggregation":"softmax","attack":"byzantine_majority","cost":1.0,"day":3,"detector":"krum","epochs":50,"kind":"federated","n_malicious":2,"seed":43}
[day3_byzantine_majority_f2_krum_softmax_seed43] 001/50 test=0.1000 TPR=1.000 FPR=0.000 accepted=[1, 3, 4, 5, 6, 7]
[day3_byzantine_majority_f2_krum_softmax_seed43] 005/50 test=0.1963 TPR=1.000 FPR=0.000 accepted=[1, 3, 4, 5, 6, 7]
[day3_byzantine_majority_f2_krum_softmax_seed43] 010/50 test=0.2739 TPR=1.000 FPR=0.000 accepted=[1, 3, 4, 5, 6, 7]
[day3_byzantine_majority_f2_krum_softmax_seed43] 015/50 test=0.3699 TPR=1.000 FPR=0.000 accepted=[1, 3, 4, 5, 6, 7]
[day3_byzantine_majority_f2_krum_softmax_seed43] 020/50 test=0.4236 TPR=1.000 FPR=0.000 accepted=[1, 3, 4, 5, 6, 7]
[day3_byzantine_majority_f2_krum_softmax_seed43] 025/50 test=0.4600 TPR=1.000 FPR=0.000 accepted=[1, 3, 4, 5, 6, 7]
[day3_byzantine_majority_f2_krum_softmax_seed43] 030/50 test=0.4878 TPR=1.000 FPR=0.000 accepted=[1, 3, 4, 5, 6, 7]
[day3_byzantine_majority_f2_krum_softmax_seed43] 035/50 test=0.5136 TPR=1.000 FPR=0.000 accepted=[1, 3, 4, 5, 6, 7]
[day3_byzantine_majority_f2_krum_softmax_seed43] 040/50 test=0.5368 TPR=1.000 FPR=0.000 accepted=[1, 3, 4, 5, 6, 7]
[day3_byzantine_majority_f2_krum_softmax_seed43] 045/50 test=0.5645 TPR=1.000 FPR=0.000 accepted=[1, 3, 4, 5, 6, 7]
[day3_byzantine_majority_f2_krum_softmax_seed43] 050/50 test=0.5793 TPR=1.000 FPR=0.000 accepted=[1, 3, 4, 5, 6, 7]
[bundle_04_of_08] starting 5/15: {"aggregation":"softmax","attack":"clean","cost":1.0,"day":3,"detector":"none","epochs":50,"kind":"federated","n_malicious":0,"seed":42}
[day3_clean_f0_none_softmax_seed42] 001/50 test=0.1000 TPR=0.000 FPR=0.000 accepted=[0, 1, 2, 3, 4, 5, 6, 7]
[day3_clean_f0_none_softmax_seed42] 005/50 test=0.1818 TPR=0.000 FPR=0.000 accepted=[0, 1, 2, 3, 4, 5, 6, 7]
[day3_clean_f0_none_softmax_seed42] 010/50 test=0.3247 TPR=0.000 FPR=0.000 accepted=[0, 1, 2, 3, 4, 5, 6, 7]
[day3_clean_f0_none_softmax_seed42] 015/50 test=0.4366 TPR=0.000 FPR=0.000 accepted=[0, 1, 2, 3, 4, 5, 6, 7]
[day3_clean_f0_none_softmax_seed42] 020/50 test=0.4845 TPR=0.000 FPR=0.000 accepted=[0, 1, 2, 3, 4, 5, 6, 7]
[day3_clean_f0_none_softmax_seed42] 025/50 test=0.5168 TPR=0.000 FPR=0.000 accepted=[0, 1, 2, 3, 4, 5, 6, 7]
[day3_clean_f0_none_softmax_seed42] 030/50 test=0.5549 TPR=0.000 FPR=0.000 accepted=[0, 1, 2, 3, 4, 5, 6, 7]
[day3_clean_f0_none_softmax_seed42] 035/50 test=0.5842 TPR=0.000 FPR=0.000 accepted=[0, 1, 2, 3, 4, 5, 6, 7]
[day3_clean_f0_none_softmax_seed42] 040/50 test=0.6067 TPR=0.000 FPR=0.000 accepted=[0, 1, 2, 3, 4, 5, 6, 7]
[day3_clean_f0_none_softmax_seed42] 045/50 test=0.6463 TPR=0.000 FPR=0.000 accepted=[0, 1, 2, 3, 4, 5, 6, 7]
[day3_clean_f0_none_softmax_seed42] 050/50 test=0.6734 TPR=0.000 FPR=0.000 accepted=[0, 1, 2, 3, 4, 5, 6, 7]
[bundle_04_of_08] starting 6/15: {"aggregation":"softmax","attack":"gaussian","cost":1.0,"day":3,"detector":"kmeans","epochs":50,"kind":"federated","n_malicious":4,"seed":44}
[day3_gaussian_f4_kmeans_softmax_seed44] numerical collapse at epoch 1: Accepted submission produced non-finite validation logits
[bundle_04_of_08] starting 7/15: {"aggregation":"softmax","attack":"gaussian","cost":1.0,"day":3,"detector":"krum","epochs":50,"kind":"federated","n_malicious":4,"seed":43}
[day3_gaussian_f4_krum_softmax_seed43] 001/50 test=0.1000 TPR=1.000 FPR=0.000 accepted=[0, 4, 5, 6]
[day3_gaussian_f4_krum_softmax_seed43] 005/50 test=0.2050 TPR=1.000 FPR=0.000 accepted=[0, 4, 5, 6]
[day3_gaussian_f4_krum_softmax_seed43] 010/50 test=0.2696 TPR=1.000 FPR=0.000 accepted=[0, 4, 5, 6]
[day3_gaussian_f4_krum_softmax_seed43] 015/50 test=0.3508 TPR=1.000 FPR=0.000 accepted=[0, 4, 5, 6]
[day3_gaussian_f4_krum_softmax_seed43] 020/50 test=0.3953 TPR=1.000 FPR=0.000 accepted=[0, 4, 5, 6]
[day3_gaussian_f4_krum_softmax_seed43] 025/50 test=0.4355 TPR=1.000 FPR=0.000 accepted=[0, 4, 5, 6]
[day3_gaussian_f4_krum_softmax_seed43] 030/50 test=0.4731 TPR=1.000 FPR=0.000 accepted=[0, 4, 5, 6]
[day3_gaussian_f4_krum_softmax_seed43] 035/50 test=0.4931 TPR=1.000 FPR=0.000 accepted=[0, 4, 5, 6]
[day3_gaussian_f4_krum_softmax_seed43] 040/50 test=0.5183 TPR=1.000 FPR=0.000 accepted=[0, 4, 5, 6]
[day3_gaussian_f4_krum_softmax_seed43] 045/50 test=0.5416 TPR=1.000 FPR=0.000 accepted=[0, 4, 5, 6]
[day3_gaussian_f4_krum_softmax_seed43] 050/50 test=0.5720 TPR=1.000 FPR=0.000 accepted=[0, 4, 5, 6]
[bundle_04_of_08] starting 8/15: {"aggregation":"softmax","attack":"mean_shift","cost":1.0,"day":3,"detector":"kmeans","epochs":50,"kind":"federated","n_malicious":4,"seed":42}
[day3_mean_shift_f4_kmeans_softmax_seed42] 001/50 test=0.1000 TPR=1.000 FPR=0.000 accepted=[0, 2, 4, 7]
[day3_mean_shift_f4_kmeans_softmax_seed42] 005/50 test=0.1403 TPR=0.000 FPR=0.250 accepted=[0, 1, 2, 3, 5, 6, 7]
[day3_mean_shift_f4_kmeans_softmax_seed42] 010/50 test=0.2630 TPR=0.000 FPR=0.500 accepted=[1, 3, 4, 5, 6, 7]
[day3_mean_shift_f4_kmeans_softmax_seed42] 015/50 test=0.3626 TPR=1.000 FPR=0.000 accepted=[0, 2, 4, 7]
[day3_mean_shift_f4_kmeans_softmax_seed42] 020/50 test=0.4100 TPR=1.000 FPR=0.000 accepted=[0, 2, 4, 7]
[day3_mean_shift_f4_kmeans_softmax_seed42] 025/50 test=0.4507 TPR=1.000 FPR=0.000 accepted=[0, 2, 4, 7]
[day3_mean_shift_f4_kmeans_softmax_seed42] 030/50 test=0.5089 TPR=0.000 FPR=0.250 accepted=[0, 1, 2, 3, 5, 6, 7]
[day3_mean_shift_f4_kmeans_softmax_seed42] 035/50 test=0.5297 TPR=1.000 FPR=0.000 accepted=[0, 2, 4, 7]
[day3_mean_shift_f4_kmeans_softmax_seed42] 040/50 test=0.5570 TPR=1.000 FPR=0.000 accepted=[0, 2, 4, 7]
[day3_mean_shift_f4_kmeans_softmax_seed42] 045/50 test=0.5824 TPR=1.000 FPR=0.000 accepted=[0, 2, 4, 7]
[day3_mean_shift_f4_kmeans_softmax_seed42] 050/50 test=0.6067 TPR=1.000 FPR=0.000 accepted=[0, 2, 4, 7]
[bundle_04_of_08] starting 9/15: {"aggregation":"softmax","attack":"mean_shift","cost":1.0,"day":3,"detector":"krum","epochs":50,"kind":"federated","n_malicious":2,"seed":44}
[day3_mean_shift_f2_krum_softmax_seed44] 001/50 test=0.1000 TPR=0.000 FPR=0.333 accepted=[0, 1, 4, 5, 6, 7]
[day3_mean_shift_f2_krum_softmax_seed44] 005/50 test=0.1319 TPR=0.000 FPR=0.333 accepted=[0, 1, 3, 5, 6, 7]
[day3_mean_shift_f2_krum_softmax_seed44] 010/50 test=0.3620 TPR=0.000 FPR=0.333 accepted=[2, 3, 4, 5, 6, 7]
[day3_mean_shift_f2_krum_softmax_seed44] 015/50 test=0.4705 TPR=0.000 FPR=0.333 accepted=[1, 2, 4, 5, 6, 7]
[day3_mean_shift_f2_krum_softmax_seed44] 020/50 test=0.5049 TPR=0.000 FPR=0.333 accepted=[0, 1, 2, 4, 5, 6]
[day3_mean_shift_f2_krum_softmax_seed44] 025/50 test=0.5466 TPR=0.000 FPR=0.333 accepted=[0, 2, 3, 4, 5, 6]
[day3_mean_shift_f2_krum_softmax_seed44] 030/50 test=0.5647 TPR=0.000 FPR=0.333 accepted=[0, 2, 3, 4, 5, 6]
[day3_mean_shift_f2_krum_softmax_seed44] 035/50 test=0.5875 TPR=0.000 FPR=0.333 accepted=[0, 1, 2, 4, 5, 6]
[day3_mean_shift_f2_krum_softmax_seed44] 040/50 test=0.6022 TPR=0.000 FPR=0.333 accepted=[0, 1, 2, 5, 6, 7]
[day3_mean_shift_f2_krum_softmax_seed44] 045/50 test=0.6312 TPR=0.000 FPR=0.333 accepted=[0, 2, 4, 5, 6, 7]
[day3_mean_shift_f2_krum_softmax_seed44] 050/50 test=0.6469 TPR=0.000 FPR=0.333 accepted=[1, 2, 3, 4, 5, 6]
[bundle_04_of_08] starting 10/15: {"aggregation":"softmax","attack":"zero_update","cost":1.0,"day":3,"detector":"kmeans","epochs":50,"kind":"federated","n_malicious":2,"seed":43}
[day3_zero_update_f2_kmeans_softmax_seed43] 001/50 test=0.1000 TPR=0.000 FPR=0.167 accepted=[0, 1, 2, 3, 4, 5, 7]
[day3_zero_update_f2_kmeans_softmax_seed43] 005/50 test=0.0999 TPR=0.000 FPR=0.167 accepted=[0, 1, 2, 3, 5, 6, 7]
[day3_zero_update_f2_kmeans_softmax_seed43] 010/50 test=0.3205 TPR=0.000 FPR=0.167 accepted=[0, 1, 2, 3, 4, 5, 6]
[day3_zero_update_f2_kmeans_softmax_seed43] 015/50 test=0.4020 TPR=1.000 FPR=0.000 accepted=[1, 3, 4, 5, 6, 7]
[day3_zero_update_f2_kmeans_softmax_seed43] 020/50 test=0.4635 TPR=0.000 FPR=0.167 accepted=[0, 1, 2, 3, 4, 6, 7]
[day3_zero_update_f2_kmeans_softmax_seed43] 025/50 test=0.5056 TPR=1.000 FPR=0.000 accepted=[1, 3, 4, 5, 6, 7]
[day3_zero_update_f2_kmeans_softmax_seed43] 030/50 test=0.5407 TPR=1.000 FPR=0.000 accepted=[1, 3, 4, 5, 6, 7]
[day3_zero_update_f2_kmeans_softmax_seed43] 035/50 test=0.5689 TPR=0.000 FPR=0.167 accepted=[0, 1, 2, 4, 5, 6, 7]
[day3_zero_update_f2_kmeans_softmax_seed43] 040/50 test=0.5953 TPR=0.000 FPR=0.167 accepted=[0, 1, 2, 3, 4, 5, 6]
[day3_zero_update_f2_kmeans_softmax_seed43] 045/50 test=0.6122 TPR=0.000 FPR=0.167 accepted=[0, 1, 2, 3, 5, 6, 7]
[day3_zero_update_f2_kmeans_softmax_seed43] 050/50 test=0.6335 TPR=0.000 FPR=0.167 accepted=[0, 1, 2, 3, 5, 6, 7]
[bundle_04_of_08] starting 11/15: {"aggregation":"softmax","attack":"zero_update","cost":1.0,"day":3,"detector":"krum","epochs":50,"kind":"federated","n_malicious":2,"seed":42}
[day3_zero_update_f2_krum_softmax_seed42] 001/50 test=0.1000 TPR=0.000 FPR=0.333 accepted=[0, 1, 3, 4, 5, 6]
[day3_zero_update_f2_krum_softmax_seed42] 005/50 test=0.1463 TPR=0.000 FPR=0.333 accepted=[1, 2, 3, 4, 5, 6]
[day3_zero_update_f2_krum_softmax_seed42] 010/50 test=0.3553 TPR=0.000 FPR=0.333 accepted=[0, 1, 2, 3, 4, 5]
[day3_zero_update_f2_krum_softmax_seed42] 015/50 test=0.4591 TPR=0.500 FPR=0.167 accepted=[1, 2, 3, 5, 6, 7]
[day3_zero_update_f2_krum_softmax_seed42] 020/50 test=0.4818 TPR=0.000 FPR=0.333 accepted=[1, 2, 3, 4, 5, 7]
[day3_zero_update_f2_krum_softmax_seed42] 025/50 test=0.5236 TPR=0.000 FPR=0.333 accepted=[0, 1, 2, 4, 6, 7]
[day3_zero_update_f2_krum_softmax_seed42] 030/50 test=0.5533 TPR=0.000 FPR=0.333 accepted=[1, 2, 3, 4, 5, 7]
[day3_zero_update_f2_krum_softmax_seed42] 035/50 test=0.5688 TPR=0.000 FPR=0.333 accepted=[0, 1, 3, 4, 5, 6]
[day3_zero_update_f2_krum_softmax_seed42] 040/50 test=0.5978 TPR=0.000 FPR=0.333 accepted=[0, 1, 3, 4, 5, 6]
[day3_zero_update_f2_krum_softmax_seed42] 045/50 test=0.6185 TPR=0.000 FPR=0.333 accepted=[1, 2, 3, 4, 5, 7]
[day3_zero_update_f2_krum_softmax_seed42] 050/50 test=0.6358 TPR=0.000 FPR=0.333 accepted=[0, 1, 2, 4, 5, 7]
[bundle_04_of_08] starting 12/15: {"aggregation":"softmax","attack":"zero_update","cost":1.0,"day":3,"detector":"krum","epochs":50,"kind":"federated","n_malicious":5,"seed":44}
[day3_zero_update_f5_krum_softmax_seed44] 001/50 test=0.1000 TPR=0.400 FPR=1.000 accepted=[0, 3, 6]
[day3_zero_update_f5_krum_softmax_seed44] 005/50 test=0.1000 TPR=0.400 FPR=1.000 accepted=[0, 1, 6]
[day3_zero_update_f5_krum_softmax_seed44] 010/50 test=0.1000 TPR=0.400 FPR=1.000 accepted=[0, 1, 6]
[day3_zero_update_f5_krum_softmax_seed44] 015/50 test=0.1000 TPR=0.400 FPR=1.000 accepted=[0, 1, 6]
[day3_zero_update_f5_krum_softmax_seed44] 020/50 test=0.1000 TPR=0.400 FPR=1.000 accepted=[0, 3, 6]
[day3_zero_update_f5_krum_softmax_seed44] 025/50 test=0.1000 TPR=0.400 FPR=1.000 accepted=[0, 1, 6]
[day3_zero_update_f5_krum_softmax_seed44] 030/50 test=0.1000 TPR=0.400 FPR=1.000 accepted=[0, 1, 6]
[day3_zero_update_f5_krum_softmax_seed44] 035/50 test=0.1000 TPR=0.400 FPR=1.000 accepted=[0, 1, 6]
[day3_zero_update_f5_krum_softmax_seed44] 040/50 test=0.1000 TPR=0.400 FPR=1.000 accepted=[0, 3, 6]
[day3_zero_update_f5_krum_softmax_seed44] 045/50 test=0.1000 TPR=0.400 FPR=1.000 accepted=[0, 1, 6]
[day3_zero_update_f5_krum_softmax_seed44] 050/50 test=0.1000 TPR=0.400 FPR=1.000 accepted=[0, 1, 6]
[bundle_04_of_08] starting 13/15: {"aggregation":"topk","attack":"mean_shift","cost":0.6,"day":10,"detector":"krum","epochs":30,"kind":"federated","label":"plus_krum_topk","n_malicious":2,"seed":43}
[day10_plus_krum_topk_seed43] 001/30 test=0.1000 TPR=0.000 FPR=0.333 accepted=[0, 1, 2, 3, 4, 7]
[day10_plus_krum_topk_seed43] 005/30 test=0.2181 TPR=0.000 FPR=0.333 accepted=[0, 1, 2, 3, 4, 6]
[day10_plus_krum_topk_seed43] 010/30 test=0.3338 TPR=0.000 FPR=0.333 accepted=[0, 1, 2, 3, 4, 6]
[day10_plus_krum_topk_seed43] 015/30 test=0.3711 TPR=0.000 FPR=0.333 accepted=[0, 1, 2, 3, 4, 7]
[day10_plus_krum_topk_seed43] 020/30 test=0.4027 TPR=0.000 FPR=0.333 accepted=[0, 1, 2, 3, 5, 6]
[day10_plus_krum_topk_seed43] 025/30 test=0.4498 TPR=0.000 FPR=0.333 accepted=[0, 1, 2, 4, 5, 6]
[day10_plus_krum_topk_seed43] 030/30 test=0.4821 TPR=0.000 FPR=0.333 accepted=[0, 1, 2, 4, 5, 6]
[bundle_04_of_08] starting 14/15: {"attack":"gaussian_activation","cost":0.5,"day":6,"detector_name":"none","kind":"day6","seed":44}
[day6_gaussian_activation_none_seed44] 01/20 val=0.1032 test(report)=0.1003 TPR=0.000 FPR=0.000
[day6_gaussian_activation_none_seed44] 02/20 val=0.2070 test(report)=0.2122 TPR=0.000 FPR=0.000
[day6_gaussian_activation_none_seed44] 03/20 val=0.2830 test(report)=0.2906 TPR=0.000 FPR=0.000
[day6_gaussian_activation_none_seed44] 04/20 val=0.3598 test(report)=0.3691 TPR=0.000 FPR=0.000
[day6_gaussian_activation_none_seed44] 05/20 val=0.4014 test(report)=0.4169 TPR=0.000 FPR=0.000
[day6_gaussian_activation_none_seed44] 06/20 val=0.4666 test(report)=0.4675 TPR=0.000 FPR=0.000
[day6_gaussian_activation_none_seed44] 07/20 val=0.4862 test(report)=0.4934 TPR=0.000 FPR=0.000
[day6_gaussian_activation_none_seed44] 08/20 val=0.5364 test(report)=0.5289 TPR=0.000 FPR=0.000
[day6_gaussian_activation_none_seed44] 09/20 val=0.5236 test(report)=0.5311 TPR=0.000 FPR=0.000
[day6_gaussian_activation_none_seed44] 10/20 val=0.5836 test(report)=0.5743 TPR=0.000 FPR=0.000
[day6_gaussian_activation_none_seed44] 11/20 val=0.5342 test(report)=0.5439 TPR=0.000 FPR=0.000
[day6_gaussian_activation_none_seed44] 12/20 val=0.5872 test(report)=0.5723 TPR=0.000 FPR=0.000
[day6_gaussian_activation_none_seed44] 13/20 val=0.5638 test(report)=0.5640 TPR=0.000 FPR=0.000
[day6_gaussian_activation_none_seed44] 14/20 val=0.6546 test(report)=0.6567 TPR=0.000 FPR=0.000
[day6_gaussian_activation_none_seed44] 15/20 val=0.6672 test(report)=0.6636 TPR=0.000 FPR=0.000
[day6_gaussian_activation_none_seed44] 16/20 val=0.6154 test(report)=0.6146 TPR=0.000 FPR=0.000
[day6_gaussian_activation_none_seed44] 17/20 val=0.6752 test(report)=0.6679 TPR=0.000 FPR=0.000
[day6_gaussian_activation_none_seed44] 18/20 val=0.6896 test(report)=0.6832 TPR=0.000 FPR=0.000
[day6_gaussian_activation_none_seed44] 19/20 val=0.6562 test(report)=0.6523 TPR=0.000 FPR=0.000
[day6_gaussian_activation_none_seed44] 20/20 val=0.7110 test(report)=0.7073 TPR=0.000 FPR=0.000
[bundle_04_of_08] starting 15/15: {"attack":"zero_activation","cost":0.5,"day":6,"detector_name":"activation_norm","kind":"day6","seed":43}
[day6_zero_activation_activation_norm_seed43] 01/20 val=0.0972 test(report)=0.1000 TPR=1.000 FPR=1.000
[day6_zero_activation_activation_norm_seed43] 02/20 val=0.0972 test(report)=0.1000 TPR=1.000 FPR=1.000
[day6_zero_activation_activation_norm_seed43] 03/20 val=0.0904 test(report)=0.1000 TPR=1.000 FPR=1.000
[day6_zero_activation_activation_norm_seed43] 04/20 val=0.0904 test(report)=0.1000 TPR=1.000 FPR=1.000
[day6_zero_activation_activation_norm_seed43] 05/20 val=0.0956 test(report)=0.1000 TPR=1.000 FPR=1.000
[day6_zero_activation_activation_norm_seed43] 06/20 val=0.1032 test(report)=0.1000 TPR=1.000 FPR=1.000
[day6_zero_activation_activation_norm_seed43] 07/20 val=0.0972 test(report)=0.1000 TPR=1.000 FPR=1.000
[day6_zero_activation_activation_norm_seed43] 08/20 val=0.0904 test(report)=0.1000 TPR=1.000 FPR=1.000
[day6_zero_activation_activation_norm_seed43] 09/20 val=0.0988 test(report)=0.1000 TPR=1.000 FPR=1.000
[day6_zero_activation_activation_norm_seed43] 10/20 val=0.1014 test(report)=0.1000 TPR=1.000 FPR=1.000
[day6_zero_activation_activation_norm_seed43] 11/20 val=0.0956 test(report)=0.1000 TPR=1.000 FPR=1.000
[day6_zero_activation_activation_norm_seed43] 12/20 val=0.0998 test(report)=0.1000 TPR=1.000 FPR=1.000
[day6_zero_activation_activation_norm_seed43] 13/20 val=0.0998 test(report)=0.1000 TPR=1.000 FPR=1.000
[day6_zero_activation_activation_norm_seed43] 14/20 val=0.0956 test(report)=0.1000 TPR=1.000 FPR=1.000
[day6_zero_activation_activation_norm_seed43] 15/20 val=0.1076 test(report)=0.1000 TPR=1.000 FPR=1.000
[day6_zero_activation_activation_norm_seed43] 16/20 val=0.0960 test(report)=0.1000 TPR=1.000 FPR=1.000
[day6_zero_activation_activation_norm_seed43] 17/20 val=0.1014 test(report)=0.1000 TPR=1.000 FPR=1.000
[day6_zero_activation_activation_norm_seed43] 18/20 val=0.0960 test(report)=0.1000 TPR=1.000 FPR=1.000
[day6_zero_activation_activation_norm_seed43] 19/20 val=0.0956 test(report)=0.1000 TPR=1.000 FPR=1.000
[day6_zero_activation_activation_norm_seed43] 20/20 val=0.0972 test(report)=0.1000 TPR=1.000 FPR=1.000
bundle_complete=true
