timestamp=2026-08-15T19:31:59+05:30
hostname=rsgpu016
job_id=602701 array_task=6
0, NVIDIA A100 80GB PCIe, 81920 MiB, 550.54.14
output:      /scratch/mm24r002/paper_rerun_20260815/results/full
config hash: 7e267c0bf303542b
run days:    [1, 2, 3, 4, 6, 7, 10]
seeds:       (42, 43, 44)
{
  "created_utc": "2026-08-15T14:02:02Z",
  "config": {
    "output_root": "/scratch/mm24r002/paper_rerun_20260815/results/full",
    "data_root": "/scratch/mm24r002/paper_rerun_20260815/data",
    "model_architecture": "torchvision_resnet50_standard_stem_cifar10_head",
    "model_num_classes": 10,
    "model_parameter_count": 23528522,
    "seeds": [
      42,
      43,
      44
    ],
    "split_seed": 20260815,
    "train_size": 45000,
    "validation_size": 5000,
    "test_size": 10000,
    "batch_size": 128,
    "loader_workers": 2,
    "learning_rate": 0.1,
    "momentum": 0.9,
    "weight_decay": 0.0005,
    "nesterov": true,
    "lr_milestones": [
      100,
      150
    ],
    "lr_gamma": 0.1,
    "temperature": 0.1,
    "use_bfloat16_amp": true,
    "deterministic": true,
    "n_workers": 8,
    "day1_epochs": 200,
    "day3_epochs": 50,
    "day4_epochs": 5,
    "day4_benchmark_warmup": 2,
    "day4_benchmark_runs": 5,
    "day5_epochs": 200,
    "day6_epochs": 20,
    "day7_epochs": 5,
    "day10_epochs": 30,
    "gaussian_covariance": 30.0,
    "mean_shift_scale": 1.0,
    "majority_scale": 5.0,
    "save_checkpoints": true,
    "checkpoint_interval": 5
  },
  "config_hash": "7e267c0bf303542b",
  "run_days": [
    1,
    2,
    3,
    4,
    6,
    7,
    10
  ],
  "smoke_test": false,
  "python": "3.10.13",
  "platform": "Linux-4.18.0-513.5.1.el8_9.x86_64-x86_64-with-glibc2.28",
  "torch": "2.2.1",
  "torchvision": "0.17.1",
  "cuda_runtime": "11.8",
  "cudnn": 8700,
  "numpy": "1.26.4",
  "gpus": [
    {
      "index": 0,
      "name": "NVIDIA A100 80GB PCIe",
      "total_memory_bytes": 84974239744,
      "compute_capability": "8.0"
    }
  ],
  "scope_note": "Algorithm-level DGX simulation; no real blockchain/network/VRF proof execution."
}
Files already downloaded and verified
Files already downloaded and verified
[bundle_06_of_08] starting 1/18: {"aggregation":"softmax","attack":"clean","cost":4.0,"day":2,"detector":"none","epochs":200,"kind":"federated","label":"n8_softmax","n_malicious":0,"n_workers":8,"seed":42}
[day2_n8_softmax_seed42] 001/200 test=0.1000 TPR=0.000 FPR=0.000 accepted=[0, 1, 2, 3, 4, 5, 6, 7]
[day2_n8_softmax_seed42] 005/200 test=0.1818 TPR=0.000 FPR=0.000 accepted=[0, 1, 2, 3, 4, 5, 6, 7]
[day2_n8_softmax_seed42] 010/200 test=0.3247 TPR=0.000 FPR=0.000 accepted=[0, 1, 2, 3, 4, 5, 6, 7]
[day2_n8_softmax_seed42] 015/200 test=0.4366 TPR=0.000 FPR=0.000 accepted=[0, 1, 2, 3, 4, 5, 6, 7]
[day2_n8_softmax_seed42] 020/200 test=0.4845 TPR=0.000 FPR=0.000 accepted=[0, 1, 2, 3, 4, 5, 6, 7]
[day2_n8_softmax_seed42] 025/200 test=0.5168 TPR=0.000 FPR=0.000 accepted=[0, 1, 2, 3, 4, 5, 6, 7]
[day2_n8_softmax_seed42] 030/200 test=0.5549 TPR=0.000 FPR=0.000 accepted=[0, 1, 2, 3, 4, 5, 6, 7]
[day2_n8_softmax_seed42] 035/200 test=0.5842 TPR=0.000 FPR=0.000 accepted=[0, 1, 2, 3, 4, 5, 6, 7]
[day2_n8_softmax_seed42] 040/200 test=0.6067 TPR=0.000 FPR=0.000 accepted=[0, 1, 2, 3, 4, 5, 6, 7]
[day2_n8_softmax_seed42] 045/200 test=0.6463 TPR=0.000 FPR=0.000 accepted=[0, 1, 2, 3, 4, 5, 6, 7]
[day2_n8_softmax_seed42] 050/200 test=0.6734 TPR=0.000 FPR=0.000 accepted=[0, 1, 2, 3, 4, 5, 6, 7]
[day2_n8_softmax_seed42] 055/200 test=0.6960 TPR=0.000 FPR=0.000 accepted=[0, 1, 2, 3, 4, 5, 6, 7]
[day2_n8_softmax_seed42] 060/200 test=0.7160 TPR=0.000 FPR=0.000 accepted=[0, 1, 2, 3, 4, 5, 6, 7]
[day2_n8_softmax_seed42] 065/200 test=0.7298 TPR=0.000 FPR=0.000 accepted=[0, 1, 2, 3, 4, 5, 6, 7]
[day2_n8_softmax_seed42] 070/200 test=0.7411 TPR=0.000 FPR=0.000 accepted=[0, 1, 2, 3, 4, 5, 6, 7]
[day2_n8_softmax_seed42] 075/200 test=0.7511 TPR=0.000 FPR=0.000 accepted=[0, 1, 2, 3, 4, 5, 6, 7]
[day2_n8_softmax_seed42] 080/200 test=0.7628 TPR=0.000 FPR=0.000 accepted=[0, 1, 2, 3, 4, 5, 6, 7]
[day2_n8_softmax_seed42] 085/200 test=0.7729 TPR=0.000 FPR=0.000 accepted=[0, 1, 2, 3, 4, 5, 6, 7]
[day2_n8_softmax_seed42] 090/200 test=0.7678 TPR=0.000 FPR=0.000 accepted=[0, 1, 2, 3, 4, 5, 6, 7]
[day2_n8_softmax_seed42] 095/200 test=0.7895 TPR=0.000 FPR=0.000 accepted=[0, 1, 2, 3, 4, 5, 6, 7]
[day2_n8_softmax_seed42] 100/200 test=0.7658 TPR=0.000 FPR=0.000 accepted=[0, 1, 2, 3, 4, 5, 6, 7]
[day2_n8_softmax_seed42] 105/200 test=0.8124 TPR=0.000 FPR=0.000 accepted=[0, 1, 2, 3, 4, 5, 6, 7]
[day2_n8_softmax_seed42] 110/200 test=0.8161 TPR=0.000 FPR=0.000 accepted=[0, 1, 2, 3, 4, 5, 6, 7]
[day2_n8_softmax_seed42] 115/200 test=0.8201 TPR=0.000 FPR=0.000 accepted=[0, 1, 2, 3, 4, 5, 6, 7]
[day2_n8_softmax_seed42] 120/200 test=0.8215 TPR=0.000 FPR=0.000 accepted=[0, 1, 2, 3, 4, 5, 6, 7]
[day2_n8_softmax_seed42] 125/200 test=0.8234 TPR=0.000 FPR=0.000 accepted=[0, 1, 2, 3, 4, 5, 6, 7]
[day2_n8_softmax_seed42] 130/200 test=0.8237 TPR=0.000 FPR=0.000 accepted=[0, 1, 2, 3, 4, 5, 6, 7]
[day2_n8_softmax_seed42] 135/200 test=0.8242 TPR=0.000 FPR=0.000 accepted=[0, 1, 2, 3, 4, 5, 6, 7]
[day2_n8_softmax_seed42] 140/200 test=0.8294 TPR=0.000 FPR=0.000 accepted=[0, 1, 2, 3, 4, 5, 6, 7]
[day2_n8_softmax_seed42] 145/200 test=0.8303 TPR=0.000 FPR=0.000 accepted=[0, 1, 2, 3, 4, 5, 6, 7]
[day2_n8_softmax_seed42] 150/200 test=0.8296 TPR=0.000 FPR=0.000 accepted=[0, 1, 2, 3, 4, 5, 6, 7]
[day2_n8_softmax_seed42] 155/200 test=0.8309 TPR=0.000 FPR=0.000 accepted=[0, 1, 2, 3, 4, 5, 6, 7]
[day2_n8_softmax_seed42] 160/200 test=0.8305 TPR=0.000 FPR=0.000 accepted=[0, 1, 2, 3, 4, 5, 6, 7]
[day2_n8_softmax_seed42] 165/200 test=0.8301 TPR=0.000 FPR=0.000 accepted=[0, 1, 2, 3, 4, 5, 6, 7]
[day2_n8_softmax_seed42] 170/200 test=0.8299 TPR=0.000 FPR=0.000 accepted=[0, 1, 2, 3, 4, 5, 6, 7]
[day2_n8_softmax_seed42] 175/200 test=0.8301 TPR=0.000 FPR=0.000 accepted=[0, 1, 2, 3, 4, 5, 6, 7]
[day2_n8_softmax_seed42] 180/200 test=0.8296 TPR=0.000 FPR=0.000 accepted=[0, 1, 2, 3, 4, 5, 6, 7]
[day2_n8_softmax_seed42] 185/200 test=0.8303 TPR=0.000 FPR=0.000 accepted=[0, 1, 2, 3, 4, 5, 6, 7]
[day2_n8_softmax_seed42] 190/200 test=0.8298 TPR=0.000 FPR=0.000 accepted=[0, 1, 2, 3, 4, 5, 6, 7]
[day2_n8_softmax_seed42] 195/200 test=0.8313 TPR=0.000 FPR=0.000 accepted=[0, 1, 2, 3, 4, 5, 6, 7]
[day2_n8_softmax_seed42] 200/200 test=0.8300 TPR=0.000 FPR=0.000 accepted=[0, 1, 2, 3, 4, 5, 6, 7]
[bundle_06_of_08] starting 2/18: {"aggregation":"topk","attack":"clean","cost":4.0,"day":2,"detector":"none","epochs":200,"kind":"federated","label":"n4_topk","n_malicious":0,"n_workers":4,"seed":44}
[day2_n4_topk_seed44] 001/200 test=0.1000 TPR=0.000 FPR=0.000 accepted=[0, 1, 2, 3]
[day2_n4_topk_seed44] 005/200 test=0.2629 TPR=0.000 FPR=0.000 accepted=[0, 1, 2, 3]
[day2_n4_topk_seed44] 010/200 test=0.3633 TPR=0.000 FPR=0.000 accepted=[0, 1, 2, 3]
[day2_n4_topk_seed44] 015/200 test=0.4054 TPR=0.000 FPR=0.000 accepted=[0, 1, 2, 3]
[day2_n4_topk_seed44] 020/200 test=0.4536 TPR=0.000 FPR=0.000 accepted=[0, 1, 2, 3]
[day2_n4_topk_seed44] 025/200 test=0.4862 TPR=0.000 FPR=0.000 accepted=[0, 1, 2, 3]
[day2_n4_topk_seed44] 030/200 test=0.5070 TPR=0.000 FPR=0.000 accepted=[0, 1, 2, 3]
[day2_n4_topk_seed44] 035/200 test=0.5462 TPR=0.000 FPR=0.000 accepted=[0, 1, 2, 3]
[day2_n4_topk_seed44] 040/200 test=0.5639 TPR=0.000 FPR=0.000 accepted=[0, 1, 2, 3]
[day2_n4_topk_seed44] 045/200 test=0.6085 TPR=0.000 FPR=0.000 accepted=[0, 1, 2, 3]
[day2_n4_topk_seed44] 050/200 test=0.6280 TPR=0.000 FPR=0.000 accepted=[0, 1, 2, 3]
[day2_n4_topk_seed44] 055/200 test=0.6362 TPR=0.000 FPR=0.000 accepted=[0, 1, 2, 3]
[day2_n4_topk_seed44] 060/200 test=0.6780 TPR=0.000 FPR=0.000 accepted=[0, 1, 2, 3]
[day2_n4_topk_seed44] 065/200 test=0.7049 TPR=0.000 FPR=0.000 accepted=[0, 1, 2, 3]
[day2_n4_topk_seed44] 070/200 test=0.7140 TPR=0.000 FPR=0.000 accepted=[0, 1, 2, 3]
[day2_n4_topk_seed44] 075/200 test=0.7291 TPR=0.000 FPR=0.000 accepted=[0, 1, 2, 3]
[day2_n4_topk_seed44] 080/200 test=0.7381 TPR=0.000 FPR=0.000 accepted=[0, 1, 2, 3]
[day2_n4_topk_seed44] 085/200 test=0.7498 TPR=0.000 FPR=0.000 accepted=[0, 1, 2, 3]
[day2_n4_topk_seed44] 090/200 test=0.7524 TPR=0.000 FPR=0.000 accepted=[0, 1, 2, 3]
[day2_n4_topk_seed44] 095/200 test=0.7508 TPR=0.000 FPR=0.000 accepted=[0, 1, 2, 3]
[day2_n4_topk_seed44] 100/200 test=0.7687 TPR=0.000 FPR=0.000 accepted=[0, 1, 2, 3]
[day2_n4_topk_seed44] 105/200 test=0.8146 TPR=0.000 FPR=0.000 accepted=[0, 1, 2, 3]
[day2_n4_topk_seed44] 110/200 test=0.8198 TPR=0.000 FPR=0.000 accepted=[0, 1, 2, 3]
[day2_n4_topk_seed44] 115/200 test=0.8261 TPR=0.000 FPR=0.000 accepted=[0, 1, 2, 3]
[day2_n4_topk_seed44] 120/200 test=0.8256 TPR=0.000 FPR=0.000 accepted=[0, 1, 2, 3]
[day2_n4_topk_seed44] 125/200 test=0.8288 TPR=0.000 FPR=0.000 accepted=[0, 1, 2, 3]
[day2_n4_topk_seed44] 130/200 test=0.8267 TPR=0.000 FPR=0.000 accepted=[0, 1, 2, 3]
[day2_n4_topk_seed44] 135/200 test=0.8281 TPR=0.000 FPR=0.000 accepted=[0, 1, 2, 3]
[day2_n4_topk_seed44] 140/200 test=0.8325 TPR=0.000 FPR=0.000 accepted=[0, 1, 2, 3]
[day2_n4_topk_seed44] 145/200 test=0.8321 TPR=0.000 FPR=0.000 accepted=[0, 1, 2, 3]
[day2_n4_topk_seed44] 150/200 test=0.8376 TPR=0.000 FPR=0.000 accepted=[0, 1, 2, 3]
[day2_n4_topk_seed44] 155/200 test=0.8429 TPR=0.000 FPR=0.000 accepted=[0, 1, 2, 3]
[day2_n4_topk_seed44] 160/200 test=0.8415 TPR=0.000 FPR=0.000 accepted=[0, 1, 2, 3]
[day2_n4_topk_seed44] 165/200 test=0.8417 TPR=0.000 FPR=0.000 accepted=[0, 1, 2, 3]
[day2_n4_topk_seed44] 170/200 test=0.8454 TPR=0.000 FPR=0.000 accepted=[0, 1, 2, 3]
[day2_n4_topk_seed44] 175/200 test=0.8456 TPR=0.000 FPR=0.000 accepted=[0, 1, 2, 3]
[day2_n4_topk_seed44] 180/200 test=0.8467 TPR=0.000 FPR=0.000 accepted=[0, 1, 2, 3]
[day2_n4_topk_seed44] 185/200 test=0.8458 TPR=0.000 FPR=0.000 accepted=[0, 1, 2, 3]
[day2_n4_topk_seed44] 190/200 test=0.8452 TPR=0.000 FPR=0.000 accepted=[0, 1, 2, 3]
[day2_n4_topk_seed44] 195/200 test=0.8482 TPR=0.000 FPR=0.000 accepted=[0, 1, 2, 3]
[day2_n4_topk_seed44] 200/200 test=0.8461 TPR=0.000 FPR=0.000 accepted=[0, 1, 2, 3]
[bundle_06_of_08] starting 3/18: {"cost":2.0,"day":4,"kind":"day4","seed":43}
[day4_seed43/tdml_reconstruction] 1/5 total=13685.8ms detector=1053.8ms commit=0.0ms
[day4_seed43/tdml_reconstruction] 2/5 total=12982.4ms detector=22.3ms commit=0.0ms
[day4_seed43/tdml_reconstruction] 3/5 total=12833.5ms detector=22.1ms commit=0.0ms
[day4_seed43/tdml_reconstruction] 4/5 total=12886.8ms detector=24.9ms commit=0.0ms
[day4_seed43/tdml_reconstruction] 5/5 total=13018.4ms detector=24.4ms commit=0.0ms
[day4_seed43/ours_without_commit_reveal] 1/5 total=14123.5ms detector=513.5ms commit=0.0ms
[day4_seed43/ours_without_commit_reveal] 2/5 total=13927.1ms detector=31.1ms commit=0.0ms
[day4_seed43/ours_without_commit_reveal] 3/5 total=13322.3ms detector=25.8ms commit=0.0ms
[day4_seed43/ours_without_commit_reveal] 4/5 total=13506.7ms detector=26.9ms commit=0.0ms
[day4_seed43/ours_without_commit_reveal] 5/5 total=13373.1ms detector=27.4ms commit=0.0ms
[day4_seed43/ours_with_commit_reveal] 1/5 total=18194.5ms detector=25.3ms commit=4132.2ms
[day4_seed43/ours_with_commit_reveal] 2/5 total=17500.5ms detector=23.9ms commit=4025.7ms
[day4_seed43/ours_with_commit_reveal] 3/5 total=17460.1ms detector=23.9ms commit=4023.3ms
[day4_seed43/ours_with_commit_reveal] 4/5 total=17712.8ms detector=23.7ms commit=4014.6ms
[day4_seed43/ours_with_commit_reveal] 5/5 total=18037.1ms detector=29.0ms commit=4081.3ms
[bundle_06_of_08] starting 4/18: {"aggregation":"softmax","attack":"byzantine_majority","cost":1.0,"day":3,"detector":"kmeans","epochs":50,"kind":"federated","n_malicious":2,"seed":43}
[day3_byzantine_majority_f2_kmeans_softmax_seed43] 001/50 test=0.1000 TPR=1.000 FPR=0.000 accepted=[1, 3, 4, 5, 6, 7]
[day3_byzantine_majority_f2_kmeans_softmax_seed43] 005/50 test=0.1963 TPR=1.000 FPR=0.000 accepted=[1, 3, 4, 5, 6, 7]
[day3_byzantine_majority_f2_kmeans_softmax_seed43] 010/50 test=0.2739 TPR=1.000 FPR=0.000 accepted=[1, 3, 4, 5, 6, 7]
[day3_byzantine_majority_f2_kmeans_softmax_seed43] 015/50 test=0.3699 TPR=1.000 FPR=0.000 accepted=[1, 3, 4, 5, 6, 7]
[day3_byzantine_majority_f2_kmeans_softmax_seed43] 020/50 test=0.4236 TPR=1.000 FPR=0.000 accepted=[1, 3, 4, 5, 6, 7]
[day3_byzantine_majority_f2_kmeans_softmax_seed43] 025/50 test=0.4600 TPR=1.000 FPR=0.000 accepted=[1, 3, 4, 5, 6, 7]
[day3_byzantine_majority_f2_kmeans_softmax_seed43] 030/50 test=0.4878 TPR=1.000 FPR=0.000 accepted=[1, 3, 4, 5, 6, 7]
[day3_byzantine_majority_f2_kmeans_softmax_seed43] 035/50 test=0.5136 TPR=1.000 FPR=0.000 accepted=[1, 3, 4, 5, 6, 7]
[day3_byzantine_majority_f2_kmeans_softmax_seed43] 040/50 test=0.5368 TPR=1.000 FPR=0.000 accepted=[1, 3, 4, 5, 6, 7]
[day3_byzantine_majority_f2_kmeans_softmax_seed43] 045/50 test=0.5645 TPR=1.000 FPR=0.000 accepted=[1, 3, 4, 5, 6, 7]
[day3_byzantine_majority_f2_kmeans_softmax_seed43] 050/50 test=0.5793 TPR=1.000 FPR=0.000 accepted=[1, 3, 4, 5, 6, 7]
[bundle_06_of_08] starting 5/18: {"aggregation":"softmax","attack":"byzantine_majority","cost":1.0,"day":3,"detector":"kmeans","epochs":50,"kind":"federated","n_malicious":4,"seed":43}
[day3_byzantine_majority_f4_kmeans_softmax_seed43] 001/50 test=0.1000 TPR=0.000 FPR=1.000 accepted=[1, 2, 3, 7]
[day3_byzantine_majority_f4_kmeans_softmax_seed43] numerical collapse at epoch 2: Accepted submission produced non-finite validation logits
[bundle_06_of_08] starting 6/18: {"aggregation":"softmax","attack":"byzantine_majority","cost":1.0,"day":3,"detector":"krum","epochs":50,"kind":"federated","n_malicious":4,"seed":42}
[day3_byzantine_majority_f4_krum_softmax_seed42] 001/50 test=0.1000 TPR=0.000 FPR=1.000 accepted=[1, 3, 5, 6]
[day3_byzantine_majority_f4_krum_softmax_seed42] numerical collapse at epoch 2: Accepted submission produced non-finite validation logits
[bundle_06_of_08] starting 7/18: {"aggregation":"softmax","attack":"clean","cost":1.0,"day":3,"detector":"none","epochs":50,"kind":"federated","n_malicious":0,"seed":44}
[day3_clean_f0_none_softmax_seed44] 001/50 test=0.1000 TPR=0.000 FPR=0.000 accepted=[0, 1, 2, 3, 4, 5, 6, 7]
[day3_clean_f0_none_softmax_seed44] 005/50 test=0.1000 TPR=0.000 FPR=0.000 accepted=[0, 1, 2, 3, 4, 5, 6, 7]
[day3_clean_f0_none_softmax_seed44] 010/50 test=0.2749 TPR=0.000 FPR=0.000 accepted=[0, 1, 2, 3, 4, 5, 6, 7]
[day3_clean_f0_none_softmax_seed44] 015/50 test=0.4048 TPR=0.000 FPR=0.000 accepted=[0, 1, 2, 3, 4, 5, 6, 7]
[day3_clean_f0_none_softmax_seed44] 020/50 test=0.4676 TPR=0.000 FPR=0.000 accepted=[0, 1, 2, 3, 4, 5, 6, 7]
[day3_clean_f0_none_softmax_seed44] 025/50 test=0.5082 TPR=0.000 FPR=0.000 accepted=[0, 1, 2, 3, 4, 5, 6, 7]
[day3_clean_f0_none_softmax_seed44] 030/50 test=0.5427 TPR=0.000 FPR=0.000 accepted=[0, 1, 2, 3, 4, 5, 6, 7]
[day3_clean_f0_none_softmax_seed44] 035/50 test=0.5681 TPR=0.000 FPR=0.000 accepted=[0, 1, 2, 3, 4, 5, 6, 7]
[day3_clean_f0_none_softmax_seed44] 040/50 test=0.5845 TPR=0.000 FPR=0.000 accepted=[0, 1, 2, 3, 4, 5, 6, 7]
[day3_clean_f0_none_softmax_seed44] 045/50 test=0.6127 TPR=0.000 FPR=0.000 accepted=[0, 1, 2, 3, 4, 5, 6, 7]
[day3_clean_f0_none_softmax_seed44] 050/50 test=0.6397 TPR=0.000 FPR=0.000 accepted=[0, 1, 2, 3, 4, 5, 6, 7]
[bundle_06_of_08] starting 8/18: {"aggregation":"softmax","attack":"gaussian","cost":1.0,"day":3,"detector":"kmeans","epochs":50,"kind":"federated","n_malicious":5,"seed":43}
[day3_gaussian_f5_kmeans_softmax_seed43] numerical collapse at epoch 1: Accepted submission produced non-finite validation logits
[bundle_06_of_08] starting 9/18: {"aggregation":"softmax","attack":"gaussian","cost":1.0,"day":3,"detector":"krum","epochs":50,"kind":"federated","n_malicious":5,"seed":42}
[day3_gaussian_f5_krum_softmax_seed42] 001/50 test=0.1000 TPR=1.000 FPR=0.000 accepted=[2, 5, 7]
[day3_gaussian_f5_krum_softmax_seed42] 005/50 test=0.1026 TPR=1.000 FPR=0.000 accepted=[2, 5, 7]
[day3_gaussian_f5_krum_softmax_seed42] 010/50 test=0.2969 TPR=1.000 FPR=0.000 accepted=[2, 5, 7]
[day3_gaussian_f5_krum_softmax_seed42] 015/50 test=0.3292 TPR=1.000 FPR=0.000 accepted=[2, 5, 7]
[day3_gaussian_f5_krum_softmax_seed42] 020/50 test=0.3576 TPR=1.000 FPR=0.000 accepted=[2, 5, 7]
[day3_gaussian_f5_krum_softmax_seed42] 025/50 test=0.3905 TPR=1.000 FPR=0.000 accepted=[2, 5, 7]
[day3_gaussian_f5_krum_softmax_seed42] 030/50 test=0.4301 TPR=1.000 FPR=0.000 accepted=[2, 5, 7]
[day3_gaussian_f5_krum_softmax_seed42] 035/50 test=0.4487 TPR=1.000 FPR=0.000 accepted=[2, 5, 7]
[day3_gaussian_f5_krum_softmax_seed42] 040/50 test=0.4759 TPR=1.000 FPR=0.000 accepted=[2, 5, 7]
[day3_gaussian_f5_krum_softmax_seed42] 045/50 test=0.4885 TPR=1.000 FPR=0.000 accepted=[2, 5, 7]
[day3_gaussian_f5_krum_softmax_seed42] 050/50 test=0.5239 TPR=1.000 FPR=0.000 accepted=[2, 5, 7]
[bundle_06_of_08] starting 10/18: {"aggregation":"softmax","attack":"mean_shift","cost":1.0,"day":3,"detector":"kmeans","epochs":50,"kind":"federated","n_malicious":4,"seed":44}
[day3_mean_shift_f4_kmeans_softmax_seed44] 001/50 test=0.1000 TPR=1.000 FPR=0.000 accepted=[3, 4, 5, 6]
[day3_mean_shift_f4_kmeans_softmax_seed44] 005/50 test=0.1027 TPR=0.000 FPR=0.250 accepted=[0, 1, 2, 3, 5, 6, 7]
[day3_mean_shift_f4_kmeans_softmax_seed44] 010/50 test=0.2811 TPR=1.000 FPR=0.000 accepted=[3, 4, 5, 6]
[day3_mean_shift_f4_kmeans_softmax_seed44] 015/50 test=0.3767 TPR=1.000 FPR=0.000 accepted=[3, 4, 5, 6]
[day3_mean_shift_f4_kmeans_softmax_seed44] 020/50 test=0.4449 TPR=1.000 FPR=0.000 accepted=[3, 4, 5, 6]
[day3_mean_shift_f4_kmeans_softmax_seed44] 025/50 test=0.4826 TPR=1.000 FPR=0.000 accepted=[3, 4, 5, 6]
[day3_mean_shift_f4_kmeans_softmax_seed44] 030/50 test=0.5144 TPR=1.000 FPR=0.000 accepted=[3, 4, 5, 6]
[day3_mean_shift_f4_kmeans_softmax_seed44] 035/50 test=0.5445 TPR=1.000 FPR=0.000 accepted=[3, 4, 5, 6]
[day3_mean_shift_f4_kmeans_softmax_seed44] 040/50 test=0.5734 TPR=1.000 FPR=0.000 accepted=[3, 4, 5, 6]
[day3_mean_shift_f4_kmeans_softmax_seed44] 045/50 test=0.5969 TPR=1.000 FPR=0.000 accepted=[3, 4, 5, 6]
[day3_mean_shift_f4_kmeans_softmax_seed44] 050/50 test=0.6243 TPR=1.000 FPR=0.000 accepted=[3, 4, 5, 6]
[bundle_06_of_08] starting 11/18: {"aggregation":"softmax","attack":"mean_shift","cost":1.0,"day":3,"detector":"krum","epochs":50,"kind":"federated","n_malicious":4,"seed":43}
[day3_mean_shift_f4_krum_softmax_seed43] 001/50 test=0.1000 TPR=0.000 FPR=1.000 accepted=[1, 2, 3, 7]
[day3_mean_shift_f4_krum_softmax_seed43] 005/50 test=0.1000 TPR=0.000 FPR=1.000 accepted=[1, 2, 3, 7]
[day3_mean_shift_f4_krum_softmax_seed43] 010/50 test=0.2503 TPR=0.000 FPR=1.000 accepted=[1, 2, 3, 7]
[day3_mean_shift_f4_krum_softmax_seed43] 015/50 test=0.3654 TPR=0.000 FPR=1.000 accepted=[1, 2, 3, 7]
[day3_mean_shift_f4_krum_softmax_seed43] 020/50 test=0.3937 TPR=0.000 FPR=1.000 accepted=[1, 2, 3, 7]
[day3_mean_shift_f4_krum_softmax_seed43] 025/50 test=0.4153 TPR=0.000 FPR=1.000 accepted=[1, 2, 3, 7]
[day3_mean_shift_f4_krum_softmax_seed43] 030/50 test=0.4470 TPR=0.000 FPR=1.000 accepted=[1, 2, 3, 7]
[day3_mean_shift_f4_krum_softmax_seed43] 035/50 test=0.4575 TPR=0.000 FPR=1.000 accepted=[1, 2, 3, 7]
[day3_mean_shift_f4_krum_softmax_seed43] 040/50 test=0.4750 TPR=0.000 FPR=1.000 accepted=[1, 2, 3, 7]
[day3_mean_shift_f4_krum_softmax_seed43] 045/50 test=0.4757 TPR=0.000 FPR=1.000 accepted=[1, 2, 3, 7]
[day3_mean_shift_f4_krum_softmax_seed43] 050/50 test=0.3547 TPR=0.000 FPR=1.000 accepted=[1, 2, 3, 7]
[bundle_06_of_08] starting 12/18: {"aggregation":"softmax","attack":"zero_update","cost":1.0,"day":3,"detector":"kmeans","epochs":50,"kind":"federated","n_malicious":4,"seed":42}
[day3_zero_update_f4_kmeans_softmax_seed42] 001/50 test=0.1000 TPR=0.000 FPR=0.250 accepted=[0, 1, 2, 3, 4, 5, 6]
[day3_zero_update_f4_kmeans_softmax_seed42] 005/50 test=0.1000 TPR=0.000 FPR=0.250 accepted=[0, 1, 3, 4, 5, 6, 7]
[day3_zero_update_f4_kmeans_softmax_seed42] 010/50 test=0.1875 TPR=0.000 FPR=0.250 accepted=[0, 1, 2, 3, 4, 5, 6]
[day3_zero_update_f4_kmeans_softmax_seed42] 015/50 test=0.2672 TPR=0.000 FPR=1.000 accepted=[1, 3, 5, 6]
[day3_zero_update_f4_kmeans_softmax_seed42] 020/50 test=0.3158 TPR=1.000 FPR=0.000 accepted=[0, 2, 4, 7]
[day3_zero_update_f4_kmeans_softmax_seed42] 025/50 test=0.3050 TPR=0.000 FPR=1.000 accepted=[1, 3, 5, 6]
[day3_zero_update_f4_kmeans_softmax_seed42] 030/50 test=0.2887 TPR=0.000 FPR=1.000 accepted=[1, 3, 5, 6]
[day3_zero_update_f4_kmeans_softmax_seed42] 035/50 test=0.3198 TPR=0.000 FPR=1.000 accepted=[1, 3, 5, 6]
[day3_zero_update_f4_kmeans_softmax_seed42] 040/50 test=0.3527 TPR=1.000 FPR=0.000 accepted=[0, 2, 4, 7]
[day3_zero_update_f4_kmeans_softmax_seed42] 045/50 test=0.3451 TPR=0.000 FPR=1.000 accepted=[1, 3, 5, 6]
[day3_zero_update_f4_kmeans_softmax_seed42] 050/50 test=0.3467 TPR=0.000 FPR=1.000 accepted=[1, 3, 5, 6]
[bundle_06_of_08] starting 13/18: {"aggregation":"softmax","attack":"zero_update","cost":1.0,"day":3,"detector":"krum","epochs":50,"kind":"federated","n_malicious":2,"seed":44}
[day3_zero_update_f2_krum_softmax_seed44] 001/50 test=0.1000 TPR=0.000 FPR=0.333 accepted=[0, 1, 4, 5, 6, 7]
[day3_zero_update_f2_krum_softmax_seed44] 005/50 test=0.1395 TPR=0.000 FPR=0.333 accepted=[1, 2, 3, 4, 5, 6]
[day3_zero_update_f2_krum_softmax_seed44] 010/50 test=0.3733 TPR=0.500 FPR=0.167 accepted=[0, 1, 2, 3, 4, 6]
[day3_zero_update_f2_krum_softmax_seed44] 015/50 test=0.4622 TPR=0.500 FPR=0.167 accepted=[1, 2, 3, 4, 5, 7]
[day3_zero_update_f2_krum_softmax_seed44] 020/50 test=0.4854 TPR=0.000 FPR=0.333 accepted=[0, 3, 4, 5, 6, 7]
[day3_zero_update_f2_krum_softmax_seed44] 025/50 test=0.5271 TPR=0.000 FPR=0.333 accepted=[0, 1, 2, 5, 6, 7]
[day3_zero_update_f2_krum_softmax_seed44] 030/50 test=0.5516 TPR=0.000 FPR=0.333 accepted=[0, 2, 4, 5, 6, 7]
[day3_zero_update_f2_krum_softmax_seed44] 035/50 test=0.5746 TPR=0.000 FPR=0.333 accepted=[1, 2, 4, 5, 6, 7]
[day3_zero_update_f2_krum_softmax_seed44] 040/50 test=0.5878 TPR=0.000 FPR=0.333 accepted=[0, 3, 4, 5, 6, 7]
[day3_zero_update_f2_krum_softmax_seed44] 045/50 test=0.6055 TPR=0.000 FPR=0.333 accepted=[1, 2, 4, 5, 6, 7]
[day3_zero_update_f2_krum_softmax_seed44] 050/50 test=0.6258 TPR=0.000 FPR=0.333 accepted=[1, 3, 4, 5, 6, 7]
[bundle_06_of_08] starting 14/18: {"cost":1.0,"day":7,"kind":"day7","seed":43}
[day7_seed43/baseline] 1/5 val=0.1618 test(report)=0.1629
[day7_seed43/baseline] 2/5 val=0.3148 test(report)=0.3083
[day7_seed43/baseline] 3/5 val=0.3808 test(report)=0.3901
[day7_seed43/baseline] 4/5 val=0.4068 test(report)=0.4188
[day7_seed43/baseline] 5/5 val=0.4248 test(report)=0.4320
[day7_seed43/activation_detector] 1/5 val=0.1618 test(report)=0.1629
[day7_seed43/activation_detector] 2/5 val=0.3148 test(report)=0.3083
[day7_seed43/activation_detector] 3/5 val=0.3808 test(report)=0.3901
[day7_seed43/activation_detector] 4/5 val=0.4068 test(report)=0.4188
[day7_seed43/activation_detector] 5/5 val=0.4248 test(report)=0.4320
[day7_seed43/detector_plus_commit_reveal] 1/5 val=0.1618 test(report)=0.1629
[day7_seed43/detector_plus_commit_reveal] 2/5 val=0.3148 test(report)=0.3083
[day7_seed43/detector_plus_commit_reveal] 3/5 val=0.3808 test(report)=0.3901
[day7_seed43/detector_plus_commit_reveal] 4/5 val=0.4068 test(report)=0.4188
[day7_seed43/detector_plus_commit_reveal] 5/5 val=0.4248 test(report)=0.4320
[bundle_06_of_08] starting 15/18: {"attack":"clean","cost":0.5,"day":6,"detector_name":"none","kind":"day6","seed":42}
[day6_clean_none_seed42] 01/20 val=0.1990 test(report)=0.1950 TPR=0.000 FPR=0.000
[day6_clean_none_seed42] 02/20 val=0.2950 test(report)=0.2981 TPR=0.000 FPR=0.000
[day6_clean_none_seed42] 03/20 val=0.3720 test(report)=0.3743 TPR=0.000 FPR=0.000
[day6_clean_none_seed42] 04/20 val=0.4158 test(report)=0.4329 TPR=0.000 FPR=0.000
[day6_clean_none_seed42] 05/20 val=0.4650 test(report)=0.4690 TPR=0.000 FPR=0.000
[day6_clean_none_seed42] 06/20 val=0.4682 test(report)=0.4724 TPR=0.000 FPR=0.000
[day6_clean_none_seed42] 07/20 val=0.5136 test(report)=0.5196 TPR=0.000 FPR=0.000
[day6_clean_none_seed42] 08/20 val=0.5366 test(report)=0.5430 TPR=0.000 FPR=0.000
[day6_clean_none_seed42] 09/20 val=0.5284 test(report)=0.5319 TPR=0.000 FPR=0.000
[day6_clean_none_seed42] 10/20 val=0.5338 test(report)=0.5273 TPR=0.000 FPR=0.000
[day6_clean_none_seed42] 11/20 val=0.5768 test(report)=0.5612 TPR=0.000 FPR=0.000
[day6_clean_none_seed42] 12/20 val=0.5602 test(report)=0.5710 TPR=0.000 FPR=0.000
[day6_clean_none_seed42] 13/20 val=0.6272 test(report)=0.6216 TPR=0.000 FPR=0.000
[day6_clean_none_seed42] 14/20 val=0.6016 test(report)=0.5904 TPR=0.000 FPR=0.000
[day6_clean_none_seed42] 15/20 val=0.6692 test(report)=0.6608 TPR=0.000 FPR=0.000
[day6_clean_none_seed42] 16/20 val=0.6674 test(report)=0.6634 TPR=0.000 FPR=0.000
[day6_clean_none_seed42] 17/20 val=0.6944 test(report)=0.6900 TPR=0.000 FPR=0.000
[day6_clean_none_seed42] 18/20 val=0.6912 test(report)=0.6940 TPR=0.000 FPR=0.000
[day6_clean_none_seed42] 19/20 val=0.6706 test(report)=0.6672 TPR=0.000 FPR=0.000
[day6_clean_none_seed42] 20/20 val=0.6962 test(report)=0.7010 TPR=0.000 FPR=0.000
[bundle_06_of_08] starting 16/18: {"attack":"clean","cost":0.5,"day":6,"detector_name":"none","kind":"day6","seed":44}
[day6_clean_none_seed44] 01/20 val=0.1776 test(report)=0.1847 TPR=0.000 FPR=0.000
[day6_clean_none_seed44] 02/20 val=0.3116 test(report)=0.3091 TPR=0.000 FPR=0.000
[day6_clean_none_seed44] 03/20 val=0.3618 test(report)=0.3635 TPR=0.000 FPR=0.000
[day6_clean_none_seed44] 04/20 val=0.4046 test(report)=0.4052 TPR=0.000 FPR=0.000
[day6_clean_none_seed44] 05/20 val=0.4326 test(report)=0.4466 TPR=0.000 FPR=0.000
[day6_clean_none_seed44] 06/20 val=0.4478 test(report)=0.4494 TPR=0.000 FPR=0.000
[day6_clean_none_seed44] 07/20 val=0.5016 test(report)=0.5077 TPR=0.000 FPR=0.000
[day6_clean_none_seed44] 08/20 val=0.5008 test(report)=0.5125 TPR=0.000 FPR=0.000
[day6_clean_none_seed44] 09/20 val=0.4926 test(report)=0.5140 TPR=0.000 FPR=0.000
[day6_clean_none_seed44] 10/20 val=0.4026 test(report)=0.4134 TPR=0.000 FPR=0.000
[day6_clean_none_seed44] 11/20 val=0.5656 test(report)=0.5734 TPR=0.000 FPR=0.000
[day6_clean_none_seed44] 12/20 val=0.5960 test(report)=0.5890 TPR=0.000 FPR=0.000
[day6_clean_none_seed44] 13/20 val=0.5808 test(report)=0.5761 TPR=0.000 FPR=0.000
[day6_clean_none_seed44] 14/20 val=0.6168 test(report)=0.6233 TPR=0.000 FPR=0.000
[day6_clean_none_seed44] 15/20 val=0.6426 test(report)=0.6435 TPR=0.000 FPR=0.000
[day6_clean_none_seed44] 16/20 val=0.6416 test(report)=0.6461 TPR=0.000 FPR=0.000
[day6_clean_none_seed44] 17/20 val=0.6432 test(report)=0.6406 TPR=0.000 FPR=0.000
[day6_clean_none_seed44] 18/20 val=0.6414 test(report)=0.6379 TPR=0.000 FPR=0.000
[day6_clean_none_seed44] 19/20 val=0.6678 test(report)=0.6617 TPR=0.000 FPR=0.000
[day6_clean_none_seed44] 20/20 val=0.6614 test(report)=0.6611 TPR=0.000 FPR=0.000
[bundle_06_of_08] starting 17/18: {"attack":"sign_flip","cost":0.5,"day":6,"detector_name":"activation_norm","kind":"day6","seed":43}
[day6_sign_flip_activation_norm_seed43] 01/20 val=0.0922 test(report)=0.1018 TPR=1.000 FPR=1.000
[day6_sign_flip_activation_norm_seed43] 02/20 val=0.2066 test(report)=0.2100 TPR=1.000 FPR=1.000
[day6_sign_flip_activation_norm_seed43] 03/20 val=0.2966 test(report)=0.2993 TPR=1.000 FPR=1.000
[day6_sign_flip_activation_norm_seed43] 04/20 val=0.3522 test(report)=0.3666 TPR=1.000 FPR=1.000
[day6_sign_flip_activation_norm_seed43] 05/20 val=0.3860 test(report)=0.3834 TPR=1.000 FPR=1.000
[day6_sign_flip_activation_norm_seed43] 06/20 val=0.4248 test(report)=0.4350 TPR=1.000 FPR=1.000
[day6_sign_flip_activation_norm_seed43] 07/20 val=0.4362 test(report)=0.4511 TPR=1.000 FPR=1.000
[day6_sign_flip_activation_norm_seed43] 08/20 val=0.5028 test(report)=0.5051 TPR=1.000 FPR=1.000
[day6_sign_flip_activation_norm_seed43] 09/20 val=0.4930 test(report)=0.5013 TPR=1.000 FPR=1.000
[day6_sign_flip_activation_norm_seed43] 10/20 val=0.4962 test(report)=0.5087 TPR=1.000 FPR=1.000
[day6_sign_flip_activation_norm_seed43] 11/20 val=0.5474 test(report)=0.5453 TPR=1.000 FPR=1.000
[day6_sign_flip_activation_norm_seed43] 12/20 val=0.5562 test(report)=0.5583 TPR=1.000 FPR=1.000
[day6_sign_flip_activation_norm_seed43] 13/20 val=0.5884 test(report)=0.5914 TPR=1.000 FPR=1.000
[day6_sign_flip_activation_norm_seed43] 14/20 val=0.5478 test(report)=0.5565 TPR=1.000 FPR=1.000
[day6_sign_flip_activation_norm_seed43] 15/20 val=0.6378 test(report)=0.6381 TPR=1.000 FPR=1.000
[day6_sign_flip_activation_norm_seed43] 16/20 val=0.6204 test(report)=0.6317 TPR=1.000 FPR=1.000
[day6_sign_flip_activation_norm_seed43] 17/20 val=0.5734 test(report)=0.5785 TPR=1.000 FPR=1.000
[day6_sign_flip_activation_norm_seed43] 18/20 val=0.6364 test(report)=0.6335 TPR=1.000 FPR=1.000
[day6_sign_flip_activation_norm_seed43] 19/20 val=0.6422 test(report)=0.6472 TPR=1.000 FPR=1.000
[day6_sign_flip_activation_norm_seed43] 20/20 val=0.6642 test(report)=0.6540 TPR=1.000 FPR=1.000
[bundle_06_of_08] starting 18/18: {"attack":"zero_activation","cost":0.5,"day":6,"detector_name":"none","kind":"day6","seed":42}
[day6_zero_activation_none_seed42] 01/20 val=0.1100 test(report)=0.1000 TPR=0.000 FPR=0.000
[day6_zero_activation_none_seed42] 02/20 val=0.1076 test(report)=0.1000 TPR=0.000 FPR=0.000
[day6_zero_activation_none_seed42] 03/20 val=0.0956 test(report)=0.1000 TPR=0.000 FPR=0.000
[day6_zero_activation_none_seed42] 04/20 val=0.0956 test(report)=0.1000 TPR=0.000 FPR=0.000
[day6_zero_activation_none_seed42] 05/20 val=0.0960 test(report)=0.1000 TPR=0.000 FPR=0.000
[day6_zero_activation_none_seed42] 06/20 val=0.0972 test(report)=0.1000 TPR=0.000 FPR=0.000
[day6_zero_activation_none_seed42] 07/20 val=0.0972 test(report)=0.1000 TPR=0.000 FPR=0.000
[day6_zero_activation_none_seed42] 08/20 val=0.0956 test(report)=0.1000 TPR=0.000 FPR=0.000
[day6_zero_activation_none_seed42] 09/20 val=0.1032 test(report)=0.1000 TPR=0.000 FPR=0.000
[day6_zero_activation_none_seed42] 10/20 val=0.1014 test(report)=0.1000 TPR=0.000 FPR=0.000
[day6_zero_activation_none_seed42] 11/20 val=0.1032 test(report)=0.1000 TPR=0.000 FPR=0.000
[day6_zero_activation_none_seed42] 12/20 val=0.0904 test(report)=0.1000 TPR=0.000 FPR=0.000
[day6_zero_activation_none_seed42] 13/20 val=0.0960 test(report)=0.1000 TPR=0.000 FPR=0.000
[day6_zero_activation_none_seed42] 14/20 val=0.0988 test(report)=0.1000 TPR=0.000 FPR=0.000
[day6_zero_activation_none_seed42] 15/20 val=0.0904 test(report)=0.1000 TPR=0.000 FPR=0.000
[day6_zero_activation_none_seed42] 16/20 val=0.0904 test(report)=0.1000 TPR=0.000 FPR=0.000
[day6_zero_activation_none_seed42] 17/20 val=0.0956 test(report)=0.1000 TPR=0.000 FPR=0.000
[day6_zero_activation_none_seed42] 18/20 val=0.1076 test(report)=0.1000 TPR=0.000 FPR=0.000
[day6_zero_activation_none_seed42] 19/20 val=0.0960 test(report)=0.1000 TPR=0.000 FPR=0.000
[day6_zero_activation_none_seed42] 20/20 val=0.0960 test(report)=0.1000 TPR=0.000 FPR=0.000
bundle_complete=true
