output:      /scratch/mm24r002/paper_rerun_20260815/diagnostics/runner_import
config hash: 34772a6c78b33f07
run days:    [1, 2, 3, 4, 5, 6, 7, 10]
seeds:       (42, 43, 44)
{
  "created_utc": "2026-08-15T08:26:11Z",
  "config": {
    "output_root": "/scratch/mm24r002/paper_rerun_20260815/diagnostics/runner_import",
    "data_root": "/scratch/mm24r002/paper_rerun_20260815/data",
    "model_architecture": "torchvision_resnet50_standard_stem_cifar10_head",
    "model_num_classes": 10,
    "model_parameter_count": 23528522,
    "seeds": [
      42,
      43,
      44
    ],
    "split_seed": 20260815,
    "train_size": 45000,
    "validation_size": 5000,
    "test_size": 10000,
    "batch_size": 128,
    "loader_workers": 2,
    "learning_rate": 0.1,
    "momentum": 0.9,
    "weight_decay": 0.0005,
    "nesterov": true,
    "lr_milestones": [
      100,
      150
    ],
    "lr_gamma": 0.1,
    "temperature": 0.1,
    "use_bfloat16_amp": true,
    "deterministic": true,
    "n_workers": 8,
    "day1_epochs": 200,
    "day3_epochs": 50,
    "day4_epochs": 5,
    "day4_benchmark_warmup": 2,
    "day4_benchmark_runs": 5,
    "day5_epochs": 200,
    "day6_epochs": 20,
    "day7_epochs": 5,
    "day10_epochs": 30,
    "gaussian_covariance": 30.0,
    "mean_shift_scale": 1.0,
    "majority_scale": 5.0,
    "save_checkpoints": true,
    "checkpoint_interval": 5
  },
  "config_hash": "34772a6c78b33f07",
  "run_days": [
    1,
    2,
    3,
    4,
    5,
    6,
    7,
    10
  ],
  "smoke_test": false,
  "python": "3.10.13",
  "platform": "Linux-4.18.0-513.5.1.el8_9.x86_64-x86_64-with-glibc2.28",
  "torch": "2.2.1",
  "torchvision": "0.17.1",
  "cuda_runtime": "11.8",
  "cudnn": 8700,
  "numpy": "1.26.4",
  "gpus": [],
  "scope_note": "Algorithm-level DGX simulation; no real blockchain/network/VRF proof execution."
}
Files already downloaded and verified
Files already downloaded and verified
{
  "passed": true,
  "runner": "/scratch/mm24r002/paper_rerun_20260815/env/dgx_a100_rerun.py",
  "model_parameter_count": 23528522,
  "stage_reports": [
    {
      "shards": 2,
      "unit_names": [
        [
          "stem",
          "layer1.0",
          "layer1.1",
          "layer1.2",
          "layer2.0",
          "layer2.1",
          "layer2.2",
          "layer2.3",
          "layer3.0",
          "layer3.1",
          "layer3.2",
          "layer3.3",
          "layer3.4",
          "layer3.5",
          "layer4.0"
        ],
        [
          "layer4.1",
          "layer4.2",
          "head"
        ]
      ],
      "stage_parameter_counts": [
        14582848,
        8945674
      ]
    },
    {
      "shards": 4,
      "unit_names": [
        [
          "stem",
          "layer1.0",
          "layer1.1",
          "layer1.2",
          "layer2.0",
          "layer2.1",
          "layer2.2",
          "layer2.3",
          "layer3.0",
          "layer3.1",
          "layer3.2",
          "layer3.3"
        ],
        [
          "layer3.4",
          "layer3.5",
          "layer4.0"
        ],
        [
          "layer4.1",
          "layer4.2"
        ],
        [
          "head"
        ]
      ],
      "stage_parameter_counts": [
        6308928,
        8273920,
        8925184,
        20490
      ]
    },
    {
      "shards": 8,
      "unit_names": [
        [
          "stem",
          "layer1.0",
          "layer1.1",
          "layer1.2",
          "layer2.0",
          "layer2.1",
          "layer2.2",
          "layer2.3",
          "layer3.0"
        ],
        [
          "layer3.1",
          "layer3.2",
          "layer3.3"
        ],
        [
          "layer3.4"
        ],
        [
          "layer3.5"
        ],
        [
          "layer4.0"
        ],
        [
          "layer4.1"
        ],
        [
          "layer4.2"
        ],
        [
          "head"
        ]
      ],
      "stage_parameter_counts": [
        2957376,
        3351552,
        1117184,
        1117184,
        6039552,
        4462592,
        4462592,
        20490
      ]
    }
  ],
  "maximum_unsplit_vs_pipeline_difference": 0.0,
  "large_value_scaled_rms": 1.0000000200408773e+20,
  "single_gpu_specification_count": 129,
  "single_gpu_day_counts": {
    "1": 3,
    "2": 18,
    "3": 75,
    "4": 3,
    "6": 21,
    "7": 3,
    "10": 6
  },
  "bundle_sizes": [
    16,
    15,
    15,
    15,
    15,
    17,
    18,
    18
  ],
  "bundle_costs": [
    23.1,
    22.6,
    22.6,
    22.6,
    22.6,
    22.6,
    23.0,
    23.0
  ]
}
deployed_runner_audit_complete=true
